Archive member included to satisfy reference by file (symbol)

d:/truestudio for stm32 9.0.0/armtools/bin/../lib/gcc/arm-atollic-eabi/6.3.1/../../../../arm-atollic-eabi/lib/armv7-m\libc_nano.a(lib_a-init.o)
                              src\system\startup_stm32f10x_md.o (__libc_init_array)
d:/truestudio for stm32 9.0.0/armtools/bin/../lib/gcc/arm-atollic-eabi/6.3.1/../../../../arm-atollic-eabi/lib/armv7-m\libc_nano.a(lib_a-memcpy-stub.o)
                              Libraries\FreeRTOS\queue.o (memcpy)
d:/truestudio for stm32 9.0.0/armtools/bin/../lib/gcc/arm-atollic-eabi/6.3.1/../../../../arm-atollic-eabi/lib/armv7-m\libc_nano.a(lib_a-memset.o)
                              Libraries\FreeRTOS\stream_buffer.o (memset)
d:/truestudio for stm32 9.0.0/armtools/bin/../lib/gcc/arm-atollic-eabi/6.3.1/../../../../arm-atollic-eabi/lib/armv7-m\libc_nano.a(lib_a-strlen.o)
                              src\system\tiny_printf.o (strlen)
d:/truestudio for stm32 9.0.0/armtools/bin/../lib/gcc/arm-atollic-eabi/6.3.1/../../../../arm-atollic-eabi/lib/armv7-m\libnosys.a(write.o)
                              src\system\tiny_printf.o (_write)
d:/truestudio for stm32 9.0.0/armtools/bin/../lib/gcc/arm-atollic-eabi/6.3.1/../../../../arm-atollic-eabi/lib/armv7-m\libnosys.a(errno.o)
                              d:/truestudio for stm32 9.0.0/armtools/bin/../lib/gcc/arm-atollic-eabi/6.3.1/../../../../arm-atollic-eabi/lib/armv7-m\libnosys.a(write.o) (errno)

Allocating common symbols
Common symbol       size              file

errno               0x4               d:/truestudio for stm32 9.0.0/armtools/bin/../lib/gcc/arm-atollic-eabi/6.3.1/../../../../arm-atollic-eabi/lib/armv7-m\libnosys.a(errno.o)

Discarded input sections

 .text          0x00000000        0x0 d:/truestudio for stm32 9.0.0/armtools/bin/../lib/gcc/arm-atollic-eabi/6.3.1/armv7-m/crti.o
 .data          0x00000000        0x0 d:/truestudio for stm32 9.0.0/armtools/bin/../lib/gcc/arm-atollic-eabi/6.3.1/armv7-m/crti.o
 .bss           0x00000000        0x0 d:/truestudio for stm32 9.0.0/armtools/bin/../lib/gcc/arm-atollic-eabi/6.3.1/armv7-m/crti.o
 .data          0x00000000        0x4 d:/truestudio for stm32 9.0.0/armtools/bin/../lib/gcc/arm-atollic-eabi/6.3.1/armv7-m/crtbegin.o
 .text          0x00000000        0x0 Libraries\FreeRTOS\croutine.o
 .data          0x00000000        0x0 Libraries\FreeRTOS\croutine.o
 .bss           0x00000000        0x0 Libraries\FreeRTOS\croutine.o
 .debug_info    0x00000000       0xc1 Libraries\FreeRTOS\croutine.o
 .debug_abbrev  0x00000000       0x5c Libraries\FreeRTOS\croutine.o
 .debug_aranges
                0x00000000       0x18 Libraries\FreeRTOS\croutine.o
 .debug_line    0x00000000      0x138 Libraries\FreeRTOS\croutine.o
 .debug_str     0x00000000      0x1cb Libraries\FreeRTOS\croutine.o
 .comment       0x00000000       0x7d Libraries\FreeRTOS\croutine.o
 .ARM.attributes
                0x00000000       0x33 Libraries\FreeRTOS\croutine.o
 .text          0x00000000        0x0 Libraries\FreeRTOS\event_groups.o
 .data          0x00000000        0x0 Libraries\FreeRTOS\event_groups.o
 .bss           0x00000000        0x0 Libraries\FreeRTOS\event_groups.o
 .text.xEventGroupCreate
                0x00000000       0x2e Libraries\FreeRTOS\event_groups.o
 .text.xEventGroupSync
                0x00000000       0xf0 Libraries\FreeRTOS\event_groups.o
 .text.xEventGroupWaitBits
                0x00000000      0x114 Libraries\FreeRTOS\event_groups.o
 .text.xEventGroupClearBits
                0x00000000       0x34 Libraries\FreeRTOS\event_groups.o
 .text.xEventGroupGetBitsFromISR
                0x00000000       0x44 Libraries\FreeRTOS\event_groups.o
 .text.xEventGroupSetBits
                0x00000000       0xda Libraries\FreeRTOS\event_groups.o
 .text.vEventGroupDelete
                0x00000000       0x40 Libraries\FreeRTOS\event_groups.o
 .text.vEventGroupSetBitsCallback
                0x00000000       0x1a Libraries\FreeRTOS\event_groups.o
 .text.vEventGroupClearBitsCallback
                0x00000000       0x1a Libraries\FreeRTOS\event_groups.o
 .text.prvTestWaitCondition
                0x00000000       0x42 Libraries\FreeRTOS\event_groups.o
 .text.uxEventGroupGetNumber
                0x00000000       0x2a Libraries\FreeRTOS\event_groups.o
 .text.vEventGroupSetNumber
                0x00000000       0x1a Libraries\FreeRTOS\event_groups.o
 .debug_info    0x00000000      0xf82 Libraries\FreeRTOS\event_groups.o
 .debug_abbrev  0x00000000      0x2b5 Libraries\FreeRTOS\event_groups.o
 .debug_aranges
                0x00000000       0x78 Libraries\FreeRTOS\event_groups.o
 .debug_ranges  0x00000000       0x68 Libraries\FreeRTOS\event_groups.o
 .debug_line    0x00000000      0x463 Libraries\FreeRTOS\event_groups.o
 .debug_str     0x00000000      0x9de Libraries\FreeRTOS\event_groups.o
 .comment       0x00000000       0x7d Libraries\FreeRTOS\event_groups.o
 .debug_frame   0x00000000      0x1d0 Libraries\FreeRTOS\event_groups.o
 .ARM.attributes
[...]
Memory Configuration

Name             Origin             Length             Attributes
FLASH            0x08000000         0x00010000         xr
RAM              0x20000000         0x00005000         xrw
MEMORY_B1        0x60000000         0x00000000         xr
*default*        0x00000000         0xffffffff

Linker script and memory map

LOAD d:/truestudio for stm32 9.0.0/armtools/bin/../lib/gcc/arm-atollic-eabi/6.3.1/armv7-m/crti.o
LOAD d:/truestudio for stm32 9.0.0/armtools/bin/../lib/gcc/arm-atollic-eabi/6.3.1/armv7-m/crtbegin.o
LOAD Libraries\FreeRTOS\croutine.o
LOAD Libraries\FreeRTOS\event_groups.o
LOAD Libraries\FreeRTOS\heap_1.o
LOAD Libraries\FreeRTOS\list.o
LOAD Libraries\FreeRTOS\port.o
LOAD Libraries\FreeRTOS\queue.o
LOAD Libraries\FreeRTOS\stream_buffer.o
LOAD Libraries\FreeRTOS\tasks.o
LOAD Libraries\FreeRTOS\timers.o
LOAD Libraries\STM32F10x_StdPeriph_Driver\src\misc.o
LOAD Libraries\STM32F10x_StdPeriph_Driver\src\stm32f10x_adc.o
LOAD Libraries\STM32F10x_StdPeriph_Driver\src\stm32f10x_bkp.o
LOAD Libraries\STM32F10x_StdPeriph_Driver\src\stm32f10x_can.o
LOAD Libraries\STM32F10x_StdPeriph_Driver\src\stm32f10x_cec.o
LOAD Libraries\STM32F10x_StdPeriph_Driver\src\stm32f10x_crc.o
LOAD Libraries\STM32F10x_StdPeriph_Driver\src\stm32f10x_dac.o
LOAD Libraries\STM32F10x_StdPeriph_Driver\src\stm32f10x_dbgmcu.o
LOAD Libraries\STM32F10x_StdPeriph_Driver\src\stm32f10x_dma.o
LOAD Libraries\STM32F10x_StdPeriph_Driver\src\stm32f10x_exti.o
LOAD Libraries\STM32F10x_StdPeriph_Driver\src\stm32f10x_flash.o
LOAD Libraries\STM32F10x_StdPeriph_Driver\src\stm32f10x_fsmc.o
LOAD Libraries\STM32F10x_StdPeriph_Driver\src\stm32f10x_gpio.o
LOAD Libraries\STM32F10x_StdPeriph_Driver\src\stm32f10x_i2c.o
LOAD Libraries\STM32F10x_StdPeriph_Driver\src\stm32f10x_iwdg.o
LOAD Libraries\STM32F10x_StdPeriph_Driver\src\stm32f10x_pwr.o
LOAD Libraries\STM32F10x_StdPeriph_Driver\src\stm32f10x_rcc.o
LOAD Libraries\STM32F10x_StdPeriph_Driver\src\stm32f10x_rtc.o
LOAD Libraries\STM32F10x_StdPeriph_Driver\src\stm32f10x_sdio.o
LOAD Libraries\STM32F10x_StdPeriph_Driver\src\stm32f10x_spi.o
LOAD Libraries\STM32F10x_StdPeriph_Driver\src\stm32f10x_tim.o
LOAD Libraries\STM32F10x_StdPeriph_Driver\src\stm32f10x_usart.o
LOAD Libraries\STM32F10x_StdPeriph_Driver\src\stm32f10x_wwdg.o
LOAD src\main.o
LOAD src\system\startup_stm32f10x_md.o
LOAD src\system\stm32f1xx_it.o
LOAD src\system\system_stm32f10x.o
LOAD src\system\tiny_printf.o
                0x00001000                malloc_getpagesize_P = 0x1000
START GROUP
LOAD d:/truestudio for stm32 9.0.0/armtools/bin/../lib/gcc/arm-atollic-eabi/6.3.1/../../../../arm-atollic-eabi/lib/armv7-m\libstdc++_nano.a
LOAD d:/truestudio for stm32 9.0.0/armtools/bin/../lib/gcc/arm-atollic-eabi/6.3.1/../../../../arm-atollic-eabi/lib/armv7-m\libsupc++_nano.a
END GROUP
LOAD d:/truestudio for stm32 9.0.0/armtools/bin/../lib/gcc/arm-atollic-eabi/6.3.1/../../../../arm-atollic-eabi/lib/armv7-m\libstdc++_nano.a
LOAD d:/truestudio for stm32 9.0.0/armtools/bin/../lib/gcc/arm-atollic-eabi/6.3.1/../../../../arm-atollic-eabi/lib/armv7-m\libm.a
LOAD d:/truestudio for stm32 9.0.0/armtools/bin/../lib/gcc/arm-atollic-eabi/6.3.1/../../../../arm-atollic-eabi/lib/armv7-m\libc_nano.a
START GROUP
LOAD d:/truestudio for stm32 9.0.0/armtools/bin/../lib/gcc/arm-atollic-eabi/6.3.1/armv7-m\libgcc.a
LOAD d:/truestudio for stm32 9.0.0/armtools/bin/../lib/gcc/arm-atollic-eabi/6.3.1/../../../../arm-atollic-eabi/lib/armv7-m\libc_nano.a
END GROUP
START GROUP
LOAD d:/truestudio for stm32 9.0.0/armtools/bin/../lib/gcc/arm-atollic-eabi/6.3.1/armv7-m\libgcc.a
LOAD d:/truestudio for stm32 9.0.0/armtools/bin/../lib/gcc/arm-atollic-eabi/6.3.1/../../../../arm-atollic-eabi/lib/armv7-m\libc_nano.a
LOAD d:/truestudio for stm32 9.0.0/armtools/bin/../lib/gcc/arm-atollic-eabi/6.3.1/../../../../arm-atollic-eabi/lib/armv7-m\libnosys.a
END GROUP
START GROUP
LOAD d:/truestudio for stm32 9.0.0/armtools/bin/../lib/gcc/arm-atollic-eabi/6.3.1/armv7-m\libgcc.a
LOAD d:/truestudio for stm32 9.0.0/armtools/bin/../lib/gcc/arm-atollic-eabi/6.3.1/../../../../arm-atollic-eabi/lib/armv7-m\libc_nano.a
LOAD d:/truestudio for stm32 9.0.0/armtools/bin/../lib/gcc/arm-atollic-eabi/6.3.1/../../../../arm-atollic-eabi/lib/armv7-m\libnosys.a
END GROUP
LOAD d:/truestudio for stm32 9.0.0/armtools/bin/../lib/gcc/arm-atollic-eabi/6.3.1/armv7-m/crtend.o
LOAD d:/truestudio for stm32 9.0.0/armtools/bin/../lib/gcc/arm-atollic-eabi/6.3.1/armv7-m/crtn.o
                0x20005000                _estack = 0x20005000
                0x00000000                _Min_Heap_Size = 0x0
                0x00000100                _Min_Stack_Size = 0x100

.isr_vector     0x08000000      0x10c
                0x08000000                . = ALIGN (0x4)
 *(.isr_vector)
 .isr_vector    0x08000000      0x10c src\system\startup_stm32f10x_md.o
                0x08000000                g_pfnVectors
                0x0800010c                . = ALIGN (0x4)

.text           0x08000110     0x1554
                0x08000110                . = ALIGN (0x4)
 *(.text)
 .text          0x08000110       0x40 d:/truestudio for stm32 9.0.0/armtools/bin/../lib/gcc/arm-atollic-eabi/6.3.1/armv7-m/crtbegin.o
 *(.text*)
 .text.pvPortMalloc
                0x08000150       0x8c Libraries\FreeRTOS\heap_1.o
                0x08000150                pvPortMalloc
 .text.vPortFree
                0x080001dc       0x12 Libraries\FreeRTOS\heap_1.o
                0x080001dc                vPortFree
 .text.vListInitialise
                0x080001ee       0x3e Libraries\FreeRTOS\list.o
                0x080001ee                vListInitialise
 .text.vListInitialiseItem
                0x0800022c       0x18 Libraries\FreeRTOS\list.o
                0x0800022c                vListInitialiseItem
 .text.vListInsertEnd
                0x08000244       0x46 Libraries\FreeRTOS\list.o
                0x08000244                vListInsertEnd
 .text.vListInsert
                0x0800028a       0x70 Libraries\FreeRTOS\list.o
                0x0800028a                vListInsert
 .text.uxListRemove
                0x080002fa       0x52 Libraries\FreeRTOS\list.o
                0x080002fa                uxListRemove
 .text.pxPortInitialiseStack
                0x0800034c       0x58 Libraries\FreeRTOS\port.o
                0x0800034c                pxPortInitialiseStack
 .text.prvTaskExitError
                0x080003a4       0x2e Libraries\FreeRTOS\port.o
 *fill*         0x080003d2        0xe 
 .text.SVC_Handler
                0x080003e0       0x28 Libraries\FreeRTOS\port.o
                0x080003e0                SVC_Handler
 .text.prvPortStartFirstTask
                0x08000408       0x20 Libraries\FreeRTOS\port.o
 .text.xPortStartScheduler
                0x08000428       0x40 Libraries\FreeRTOS\port.o
                0x08000428                xPortStartScheduler
 .text.vPortEnterCritical
                0x08000468       0x30 Libraries\FreeRTOS\port.o
                0x08000468                vPortEnterCritical
 .text.vPortExitCritical
                0x08000498       0x30 Libraries\FreeRTOS\port.o
                0x08000498                vPortExitCritical
 *fill*         0x080004c8        0x8 
 .text.PendSV_Handler
                0x080004d0       0x48 Libraries\FreeRTOS\port.o
                0x080004d0                PendSV_Handler
 .text.SysTick_Handler
                0x08000518       0x40 Libraries\FreeRTOS\port.o
                0x08000518                SysTick_Handler
 .text.vPortSetupTimerInterrupt
                0x08000558       0x34 Libraries\FreeRTOS\port.o
                0x08000558                vPortSetupTimerInterrupt
 .text.xTaskCreate
                0x0800058c       0x82 Libraries\FreeRTOS\tasks.o
                0x0800058c                xTaskCreate
 .text.prvInitialiseNewTask
                0x0800060e       0xf8 Libraries\FreeRTOS\tasks.o
 *fill*         0x08000706        0x2 
 .text.prvAddNewTaskToReadyList
                0x08000708       0xdc Libraries\FreeRTOS\tasks.o
 .text.vTaskDelay
                0x080007e4       0x48 Libraries\FreeRTOS\tasks.o
                0x080007e4                vTaskDelay
 .text.vTaskStartScheduler
                0x0800082c       0x70 Libraries\FreeRTOS\tasks.o
                0x0800082c                vTaskStartScheduler
 .text.vTaskSuspendAll
                0x0800089c       0x1c Libraries\FreeRTOS\tasks.o
                0x0800089c                vTaskSuspendAll
 .text.xTaskResumeAll
                0x080008b8      0x11c Libraries\FreeRTOS\tasks.o
                0x080008b8                xTaskResumeAll
 .text.xTaskIncrementTick
                0x080009d4      0x150 Libraries\FreeRTOS\tasks.o
                0x080009d4                xTaskIncrementTick
 .text.vTaskSwitchContext
                0x08000b24       0xc8 Libraries\FreeRTOS\tasks.o
                0x08000b24                vTaskSwitchContext
 .text.prvIdleTask
                0x08000bec       0x30 Libraries\FreeRTOS\tasks.o
 .text.prvInitialiseTaskLists
                0x08000c1c       0x80 Libraries\FreeRTOS\tasks.o
 .text.prvCheckTasksWaitingTermination
                0x08000c9c       0x58 Libraries\FreeRTOS\tasks.o
 .text.prvDeleteTCB
                0x08000cf4       0x20 Libraries\FreeRTOS\tasks.o
 .text.prvResetNextTaskUnblockTime
                0x08000d14       0x40 Libraries\FreeRTOS\tasks.o
 .text.prvAddCurrentTaskToDelayedList
                0x08000d54       0xcc Libraries\FreeRTOS\tasks.o
 .text.GPIO_Init
                0x08000e20      0x178 Libraries\STM32F10x_StdPeriph_Driver\src\stm32f10x_gpio.o
                0x08000e20                GPIO_Init
 .text.GPIO_SetBits
                0x08000f98       0x1c Libraries\STM32F10x_StdPeriph_Driver\src\stm32f10x_gpio.o
                0x08000f98                GPIO_SetBits
 .text.GPIO_ResetBits
                0x08000fb4       0x1c Libraries\STM32F10x_StdPeriph_Driver\src\stm32f10x_gpio.o
                0x08000fb4                GPIO_ResetBits
 .text.RCC_APB2PeriphClockCmd
                0x08000fd0       0x3c Libraries\STM32F10x_StdPeriph_Driver\src\stm32f10x_rcc.o
                0x08000fd0                RCC_APB2PeriphClockCmd
 .text.RCC_APB1PeriphClockCmd
                0x0800100c       0x3c Libraries\STM32F10x_StdPeriph_Driver\src\stm32f10x_rcc.o
                0x0800100c                RCC_APB1PeriphClockCmd
 .text.TIM_TimeBaseInit
                0x08001048       0xf8 Libraries\STM32F10x_StdPeriph_Driver\src\stm32f10x_tim.o
                0x08001048                TIM_TimeBaseInit
 .text.TIM_Cmd  0x08001140       0x3e Libraries\STM32F10x_StdPeriph_Driver\src\stm32f10x_tim.o
                0x08001140                TIM_Cmd
 .text.TIM_ITConfig
                0x0800117e       0x46 Libraries\STM32F10x_StdPeriph_Driver\src\stm32f10x_tim.o
                0x0800117e                TIM_ITConfig
 .text.TIM_ClearITPendingBit
                0x080011c4       0x20 Libraries\STM32F10x_StdPeriph_Driver\src\stm32f10x_tim.o
                0x080011c4                TIM_ClearITPendingBit
 .text.NVIC_EnableIRQ
                0x080011e4       0x30 src\main.o
 .text.NVIC_ClearPendingIRQ
                0x08001214       0x34 src\main.o
 .text.NVIC_SetPriority
                0x08001248       0x54 src\main.o
 .text.SetupRunTimeStatsTimer
                0x0800129c       0x50 src\main.o
                0x0800129c                SetupRunTimeStatsTimer
 .text._Z5delayj
                0x080012ec       0x3c src\main.o
                0x080012ec                delay(unsigned int)
 .text.TIM4_IRQHandler
                0x08001328       0x28 src\main.o
                0x08001328                TIM4_IRQHandler
 .text._Z12ledBlinkTaskPv
                0x08001350       0x58 src\main.o
                0x08001350                ledBlinkTask(void*)
 .text._Z5task2Pv
                0x080013a8       0x10 src\main.o
                0x080013a8                task2(void*)
 .text.main     0x080013b8       0x44 src\main.o
                0x080013b8                main
 .text.Reset_Handler
                0x080013fc       0x50 src\system\startup_stm32f10x_md.o
                0x080013fc                Reset_Handler
 .text.Default_Handler
                0x0800144c        0x2 src\system\startup_stm32f10x_md.o
                0x0800144c                EXTI2_IRQHandler
                0x0800144c                TIM1_CC_IRQHandler
                0x0800144c                PVD_IRQHandler
                0x0800144c                EXTI3_IRQHandler
                0x0800144c                EXTI0_IRQHandler
                0x0800144c                I2C2_EV_IRQHandler
                0x0800144c                ADC1_2_IRQHandler
                0x0800144c                SPI1_IRQHandler
                0x0800144c                TAMPER_IRQHandler
                0x0800144c                DMA1_Channel4_IRQHandler
                0x0800144c                USART3_IRQHandler
                0x0800144c                RTC_IRQHandler
                0x0800144c                DMA1_Channel7_IRQHandler
                0x0800144c                CAN1_RX1_IRQHandler
                0x0800144c                I2C1_EV_IRQHandler
                0x0800144c                DMA1_Channel6_IRQHandler
                0x0800144c                TIM3_IRQHandler
                0x0800144c                RCC_IRQHandler
                0x0800144c                TIM1_TRG_COM_IRQHandler
                0x0800144c                DMA1_Channel1_IRQHandler
                0x0800144c                Default_Handler
                0x0800144c                EXTI15_10_IRQHandler
                0x0800144c                EXTI9_5_IRQHandler
                0x0800144c                SPI2_IRQHandler
                0x0800144c                DMA1_Channel5_IRQHandler
                0x0800144c                EXTI4_IRQHandler
                0x0800144c                USB_LP_CAN1_RX0_IRQHandler
                0x0800144c                USB_HP_CAN1_TX_IRQHandler
                0x0800144c                DMA1_Channel3_IRQHandler
                0x0800144c                TIM1_UP_IRQHandler
                0x0800144c                WWDG_IRQHandler
                0x0800144c                TIM2_IRQHandler
                0x0800144c                TIM1_BRK_IRQHandler
                0x0800144c                EXTI1_IRQHandler
                0x0800144c                RTCAlarm_IRQHandler
                0x0800144c                USART2_IRQHandler
                0x0800144c                I2C2_ER_IRQHandler
                0x0800144c                DMA1_Channel2_IRQHandler
                0x0800144c                CAN1_SCE_IRQHandler
                0x0800144c                FLASH_IRQHandler
                0x0800144c                USART1_IRQHandler
                0x0800144c                I2C1_ER_IRQHandler
                0x0800144c                USBWakeUp_IRQHandler
 .text.NMI_Handler
                0x0800144e        0xc src\system\stm32f1xx_it.o
                0x0800144e                NMI_Handler
 .text.HardFault_Handler
                0x0800145a        0x6 src\system\stm32f1xx_it.o
                0x0800145a                HardFault_Handler
 .text.MemManage_Handler
                0x08001460        0x6 src\system\stm32f1xx_it.o
                0x08001460                MemManage_Handler
 .text.BusFault_Handler
                0x08001466        0x6 src\system\stm32f1xx_it.o
                0x08001466                BusFault_Handler
 .text.UsageFault_Handler
                0x0800146c        0x6 src\system\stm32f1xx_it.o
                0x0800146c                UsageFault_Handler
 .text.DebugMon_Handler
                0x08001472        0xc src\system\stm32f1xx_it.o
                0x08001472                DebugMon_Handler
 *fill*         0x0800147e        0x2 
 .text.SystemInit
                0x08001480       0x68 src\system\system_stm32f10x.o
                0x08001480                SystemInit
 .text.SetSysClock
                0x080014e8        0xc src\system\system_stm32f10x.o
 .text.SetSysClockTo72
                0x080014f4      0x100 src\system\system_stm32f10x.o
 .text.__libc_init_array
                0x080015f4       0x48 d:/truestudio for stm32 9.0.0/armtools/bin/../lib/gcc/arm-atollic-eabi/6.3.1/../../../../arm-atollic-eabi/lib/armv7-m\libc_nano.a(lib_a-init.o)
                0x080015f4                __libc_init_array
 .text.memset   0x0800163c       0x10 d:/truestudio for stm32 9.0.0/armtools/bin/../lib/gcc/arm-atollic-eabi/6.3.1/../../../../arm-atollic-eabi/lib/armv7-m\libc_nano.a(lib_a-memset.o)
                0x0800163c                memset
 *(.glue_7)
 .glue_7        0x0800164c        0x0 linker stubs
 *(.glue_7t)
 .glue_7t       0x0800164c        0x0 linker stubs
 *(.eh_frame)
 .eh_frame      0x0800164c        0x0 d:/truestudio for stm32 9.0.0/armtools/bin/../lib/gcc/arm-atollic-eabi/6.3.1/armv7-m/crtbegin.o
 *(.init)
 .init          0x0800164c        0x4 d:/truestudio for stm32 9.0.0/armtools/bin/../lib/gcc/arm-atollic-eabi/6.3.1/armv7-m/crti.o
                0x0800164c                _init
 .init          0x08001650        0x8 d:/truestudio for stm32 9.0.0/armtools/bin/../lib/gcc/arm-atollic-eabi/6.3.1/armv7-m/crtn.o
 *(.fini)
 .fini          0x08001658        0x4 d:/truestudio for stm32 9.0.0/armtools/bin/../lib/gcc/arm-atollic-eabi/6.3.1/armv7-m/crti.o
                0x08001658                _fini
 .fini          0x0800165c        0x8 d:/truestudio for stm32 9.0.0/armtools/bin/../lib/gcc/arm-atollic-eabi/6.3.1/armv7-m/crtn.o
                0x08001664                . = ALIGN (0x4)
                0x08001664                _etext = .

.vfp11_veneer   0x08001664        0x0
 .vfp11_veneer  0x08001664        0x0 linker stubs

.v4_bx          0x08001664        0x0
 .v4_bx         0x08001664        0x0 linker stubs

.iplt           0x08001664        0x0
 .iplt          0x08001664        0x0 d:/truestudio for stm32 9.0.0/armtools/bin/../lib/gcc/arm-atollic-eabi/6.3.1/armv7-m/crtbegin.o

.rodata         0x08001664       0x20
                0x08001664                . = ALIGN (0x4)
 *(.rodata)
 .rodata        0x08001664        0x5 Libraries\FreeRTOS\tasks.o
 *fill*         0x08001669        0x3 
 .rodata        0x0800166c       0x17 src\main.o
 *(.rodata*)
                0x08001684                . = ALIGN (0x4)
 *fill*         0x08001683        0x1 

.rel.dyn        0x08001684        0x0
 .rel.iplt      0x08001684        0x0 d:/truestudio for stm32 9.0.0/armtools/bin/../lib/gcc/arm-atollic-eabi/6.3.1/armv7-m/crtbegin.o

.ARM.extab
 *(.ARM.extab* .gnu.linkonce.armextab.*)

.ARM            0x08001684        0x0
                0x08001684                __exidx_start = .
 *(.ARM.exidx*)
                0x08001684                __exidx_end = .

.preinit_array  0x08001684        0x0
                0x08001684                PROVIDE (__preinit_array_start, .)
 *(.preinit_array*)
                0x08001684                PROVIDE (__preinit_array_end, .)

.init_array     0x08001684        0x4
                0x08001684                PROVIDE (__init_array_start, .)
 *(SORT(.init_array.*))
 *(.init_array*)
 .init_array    0x08001684        0x4 d:/truestudio for stm32 9.0.0/armtools/bin/../lib/gcc/arm-atollic-eabi/6.3.1/armv7-m/crtbegin.o
                0x08001688                PROVIDE (__init_array_end, .)

.fini_array     0x08001688        0x4
                [!provide]                PROVIDE (__fini_array_start, .)
 *(SORT(.fini_array.*))
 *(.fini_array*)
 .fini_array    0x08001688        0x4 d:/truestudio for stm32 9.0.0/armtools/bin/../lib/gcc/arm-atollic-eabi/6.3.1/armv7-m/crtbegin.o
                [!provide]                PROVIDE (__fini_array_end, .)
                0x0800168c                _sidata = LOADADDR (.data)

.data           0x20000000        0x4 load address 0x0800168c
                0x20000000                . = ALIGN (0x4)
                0x20000000                _sdata = .
 *(.data)
 *(.data*)
 .data.uxCriticalNesting
                0x20000000        0x4 Libraries\FreeRTOS\port.o
                0x20000004                . = ALIGN (0x4)
                0x20000004                _edata = .

.igot.plt       0x20000004        0x0 load address 0x08001690
 .igot.plt      0x20000004        0x0 d:/truestudio for stm32 9.0.0/armtools/bin/../lib/gcc/arm-atollic-eabi/6.3.1/armv7-m/crtbegin.o
                0x20000004                . = ALIGN (0x4)

.bss            0x20000004     0x4538 load address 0x08001690
                0x20000004                _sbss = .
                0x20000004                __bss_start__ = _sbss
 *(.bss)
 .bss           0x20000004       0x1c d:/truestudio for stm32 9.0.0/armtools/bin/../lib/gcc/arm-atollic-eabi/6.3.1/armv7-m/crtbegin.o
 *(.bss*)
 .bss.ucHeap    0x20000020     0x4400 Libraries\FreeRTOS\heap_1.o
 .bss.xNextFreeByte
                0x20004420        0x4 Libraries\FreeRTOS\heap_1.o
 .bss.pucAlignedHeap.7534
                0x20004424        0x4 Libraries\FreeRTOS\heap_1.o
 .bss.pxCurrentTCB
                0x20004428        0x4 Libraries\FreeRTOS\tasks.o
                0x20004428                pxCurrentTCB
 .bss.pxReadyTasksLists
                0x2000442c       0x64 Libraries\FreeRTOS\tasks.o
 .bss.xDelayedTaskList1
                0x20004490       0x14 Libraries\FreeRTOS\tasks.o
 .bss.xDelayedTaskList2
                0x200044a4       0x14 Libraries\FreeRTOS\tasks.o
 .bss.pxDelayedTaskList
                0x200044b8        0x4 Libraries\FreeRTOS\tasks.o
 .bss.pxOverflowDelayedTaskList
                0x200044bc        0x4 Libraries\FreeRTOS\tasks.o
 .bss.xPendingReadyList
                0x200044c0       0x14 Libraries\FreeRTOS\tasks.o
 .bss.xTasksWaitingTermination
                0x200044d4       0x14 Libraries\FreeRTOS\tasks.o
 .bss.uxDeletedTasksWaitingCleanUp
                0x200044e8        0x4 Libraries\FreeRTOS\tasks.o
 .bss.xSuspendedTaskList
                0x200044ec       0x14 Libraries\FreeRTOS\tasks.o
 .bss.uxCurrentNumberOfTasks
                0x20004500        0x4 Libraries\FreeRTOS\tasks.o
 .bss.xTickCount
                0x20004504        0x4 Libraries\FreeRTOS\tasks.o
 .bss.uxTopReadyPriority
                0x20004508        0x4 Libraries\FreeRTOS\tasks.o
 .bss.xSchedulerRunning
                0x2000450c        0x4 Libraries\FreeRTOS\tasks.o
 .bss.uxPendedTicks
                0x20004510        0x4 Libraries\FreeRTOS\tasks.o
 .bss.xYieldPending
                0x20004514        0x4 Libraries\FreeRTOS\tasks.o
 .bss.xNumOfOverflows
                0x20004518        0x4 Libraries\FreeRTOS\tasks.o
 .bss.uxTaskNumber
                0x2000451c        0x4 Libraries\FreeRTOS\tasks.o
 .bss.xNextTaskUnblockTime
                0x20004520        0x4 Libraries\FreeRTOS\tasks.o
 .bss.xIdleTaskHandle
                0x20004524        0x4 Libraries\FreeRTOS\tasks.o
 .bss.uxSchedulerSuspended
                0x20004528        0x4 Libraries\FreeRTOS\tasks.o
 .bss.ulTaskSwitchedInTime
                0x2000452c        0x4 Libraries\FreeRTOS\tasks.o
 .bss.ulTotalRunTime
                0x20004530        0x4 Libraries\FreeRTOS\tasks.o
 .bss.gpioInitStruct
                0x20004534        0x4 src\main.o
                0x20004534                gpioInitStruct
 .bss.ulHighFrequencyTimerTicks
                0x20004538        0x4 src\main.o
                0x20004538                ulHighFrequencyTimerTicks
 *(COMMON)
                0x2000453c                . = ALIGN (0x4)
                0x2000453c                _ebss = .
                0x2000453c                __bss_end__ = _ebss

._user_heap_stack
                0x2000453c      0x100 load address 0x08001690
                0x2000453c                . = ALIGN (0x4)
                [!provide]                PROVIDE (end, .)
                [!provide]                PROVIDE (_end, .)
                0x2000453c                . = (. + _Min_Heap_Size)
                0x2000463c                . = (. + _Min_Stack_Size)
 *fill*         0x2000453c      0x100 
                0x2000463c                . = ALIGN (0x4)

.memory_b1_text
 *(.mb1text)
 *(.mb1text*)
 *(.mb1rodata)
 *(.mb1rodata*)

/DISCARD/
 libc.a(*)
 libm.a(*)
 libgcc.a(*)

.ARM.attributes
                0x00000000       0x29
 *(.ARM.attributes)
 .ARM.attributes
                0x00000000       0x1d d:/truestudio for stm32 9.0.0/armtools/bin/../lib/gcc/arm-atollic-eabi/6.3.1/armv7-m/crti.o
 .ARM.attributes
                0x0000001d       0x2d d:/truestudio for stm32 9.0.0/armtools/bin/../lib/gcc/arm-atollic-eabi/6.3.1/armv7-m/crtbegin.o
 .ARM.attributes
                0x0000004a       0x33 Libraries\FreeRTOS\heap_1.o
 .ARM.attributes
                0x0000007d       0x33 Libraries\FreeRTOS\list.o
 .ARM.attributes
                0x000000b0       0x33 Libraries\FreeRTOS\port.o
 .ARM.attributes
                0x000000e3       0x33 Libraries\FreeRTOS\tasks.o
 .ARM.attributes
                0x00000116       0x33 Libraries\STM32F10x_StdPeriph_Driver\src\stm32f10x_gpio.o
 .ARM.attributes
                0x00000149       0x33 Libraries\STM32F10x_StdPeriph_Driver\src\stm32f10x_rcc.o
 .ARM.attributes
                0x0000017c       0x33 Libraries\STM32F10x_StdPeriph_Driver\src\stm32f10x_tim.o
 .ARM.attributes
                0x000001af       0x33 src\main.o
 .ARM.attributes
                0x000001e2       0x21 src\system\startup_stm32f10x_md.o
 .ARM.attributes
                0x00000203       0x33 src\system\stm32f1xx_it.o
 .ARM.attributes
                0x00000236       0x33 src\system\system_stm32f10x.o
 .ARM.attributes
                0x00000269       0x2d d:/truestudio for stm32 9.0.0/armtools/bin/../lib/gcc/arm-atollic-eabi/6.3.1/../../../../arm-atollic-eabi/lib/armv7-m\libc_nano.a(lib_a-init.o)
 .ARM.attributes
                0x00000296       0x2d d:/truestudio for stm32 9.0.0/armtools/bin/../lib/gcc/arm-atollic-eabi/6.3.1/../../../../arm-atollic-eabi/lib/armv7-m\libc_nano.a(lib_a-memset.o)
 .ARM.attributes
                0x000002c3       0x1d d:/truestudio for stm32 9.0.0/armtools/bin/../lib/gcc/arm-atollic-eabi/6.3.1/armv7-m/crtn.o
OUTPUT(freertos.elf elf32-littlearm)

.debug_info     0x00000000     0x74f1
 .debug_info    0x00000000      0x9c5 Libraries\FreeRTOS\heap_1.o
 .debug_info    0x000009c5      0xaf5 Libraries\FreeRTOS\list.o
 .debug_info    0x000014ba      0x314 Libraries\FreeRTOS\port.o
 .debug_info    0x000017ce     0x1ffe Libraries\FreeRTOS\tasks.o
 .debug_info    0x000037cc      0x701 Libraries\STM32F10x_StdPeriph_Driver\src\stm32f10x_gpio.o
 .debug_info    0x00003ecd      0x8b2 Libraries\STM32F10x_StdPeriph_Driver\src\stm32f10x_rcc.o
 .debug_info    0x0000477f     0x1c6b Libraries\STM32F10x_StdPeriph_Driver\src\stm32f10x_tim.o
 .debug_info    0x000063ea      0xa9e src\main.o
 .debug_info    0x00006e88       0x6e src\system\startup_stm32f10x_md.o
 .debug_info    0x00006ef6      0x154 src\system\stm32f1xx_it.o
 .debug_info    0x0000704a      0x4a7 src\system\system_stm32f10x.o

.debug_abbrev   0x00000000     0x12bb
 .debug_abbrev  0x00000000      0x1fc Libraries\FreeRTOS\heap_1.o
 .debug_abbrev  0x000001fc      0x1cc Libraries\FreeRTOS\list.o
 .debug_abbrev  0x000003c8      0x1ea Libraries\FreeRTOS\port.o
 .debug_abbrev  0x000005b2      0x34d Libraries\FreeRTOS\tasks.o
 .debug_abbrev  0x000008ff      0x1dd Libraries\STM32F10x_StdPeriph_Driver\src\stm32f10x_gpio.o
 .debug_abbrev  0x00000adc      0x1cf Libraries\STM32F10x_StdPeriph_Driver\src\stm32f10x_rcc.o
 .debug_abbrev  0x00000cab      0x1c3 Libraries\STM32F10x_StdPeriph_Driver\src\stm32f10x_tim.o
 .debug_abbrev  0x00000e6e      0x255 src\main.o
 .debug_abbrev  0x000010c3       0x12 src\system\startup_stm32f10x_md.o
 .debug_abbrev  0x000010d5       0x78 src\system\stm32f1xx_it.o
 .debug_abbrev  0x0000114d      0x16e src\system\system_stm32f10x.o

.debug_aranges  0x00000000      0x868
 .debug_aranges
                0x00000000       0x38 Libraries\FreeRTOS\heap_1.o
 .debug_aranges
                0x00000038       0x40 Libraries\FreeRTOS\list.o
 .debug_aranges
                0x00000078       0x70 Libraries\FreeRTOS\port.o
 .debug_aranges
                0x000000e8      0x1b0 Libraries\FreeRTOS\tasks.o
 .debug_aranges
                0x00000298       0xa8 Libraries\STM32F10x_StdPeriph_Driver\src\stm32f10x_gpio.o
 .debug_aranges
                0x00000340      0x118 Libraries\STM32F10x_StdPeriph_Driver\src\stm32f10x_rcc.o
 .debug_aranges
                0x00000458      0x2f0 Libraries\STM32F10x_StdPeriph_Driver\src\stm32f10x_tim.o
 .debug_aranges
                0x00000748       0x60 src\main.o
 .debug_aranges
                0x000007a8       0x28 src\system\startup_stm32f10x_md.o
 .debug_aranges
                0x000007d0       0x60 src\system\stm32f1xx_it.o
 .debug_aranges
                0x00000830       0x38 src\system\system_stm32f10x.o

.debug_ranges   0x00000000      0x7c0
 .debug_ranges  0x00000000       0x28 Libraries\FreeRTOS\heap_1.o
 .debug_ranges  0x00000028       0x30 Libraries\FreeRTOS\list.o
 .debug_ranges  0x00000058       0x60 Libraries\FreeRTOS\port.o
 .debug_ranges  0x000000b8      0x1a0 Libraries\FreeRTOS\tasks.o
 .debug_ranges  0x00000258       0x98 Libraries\STM32F10x_StdPeriph_Driver\src\stm32f10x_gpio.o
 .debug_ranges  0x000002f0      0x108 Libraries\STM32F10x_StdPeriph_Driver\src\stm32f10x_rcc.o
 .debug_ranges  0x000003f8      0x2e0 Libraries\STM32F10x_StdPeriph_Driver\src\stm32f10x_tim.o
 .debug_ranges  0x000006d8       0x50 src\main.o
 .debug_ranges  0x00000728       0x20 src\system\startup_stm32f10x_md.o
 .debug_ranges  0x00000748       0x50 src\system\stm32f1xx_it.o
 .debug_ranges  0x00000798       0x28 src\system\system_stm32f10x.o

.debug_line     0x00000000     0x2ee0
 .debug_line    0x00000000      0x27e Libraries\FreeRTOS\heap_1.o
 .debug_line    0x0000027e      0x349 Libraries\FreeRTOS\list.o
 .debug_line    0x000005c7      0x329 Libraries\FreeRTOS\port.o
 .debug_line    0x000008f0      0xb24 Libraries\FreeRTOS\tasks.o
 .debug_line    0x00001414      0x3b1 Libraries\STM32F10x_StdPeriph_Driver\src\stm32f10x_gpio.o
 .debug_line    0x000017c5      0x4ac Libraries\STM32F10x_StdPeriph_Driver\src\stm32f10x_rcc.o
 .debug_line    0x00001c71      0xb31 Libraries\STM32F10x_StdPeriph_Driver\src\stm32f10x_tim.o
 .debug_line    0x000027a2      0x2a3 src\main.o
 .debug_line    0x00002a45       0x83 src\system\startup_stm32f10x_md.o
 .debug_line    0x00002ac8      0x1ff src\system\stm32f1xx_it.o
 .debug_line    0x00002cc7      0x219 src\system\system_stm32f10x.o

.debug_str      0x00000000     0x2ec8
 .debug_str     0x00000000      0x5f9 Libraries\FreeRTOS\heap_1.o
                                0x683 (size before relaxing)
 .debug_str     0x000005f9      0x151 Libraries\FreeRTOS\list.o
                                0x72c (size before relaxing)
 .debug_str     0x0000074a      0x17d Libraries\FreeRTOS\port.o
                                0x349 (size before relaxing)
 .debug_str     0x000008c7      0xbf9 Libraries\FreeRTOS\tasks.o
                               0x137a (size before relaxing)
 .debug_str     0x000014c0      0x369 Libraries\STM32F10x_StdPeriph_Driver\src\stm32f10x_gpio.o
                                0x579 (size before relaxing)
 .debug_str     0x00001829      0x441 Libraries\STM32F10x_StdPeriph_Driver\src\stm32f10x_rcc.o
                                0x67a (size before relaxing)
 .debug_str     0x00001c6a      0xbac Libraries\STM32F10x_StdPeriph_Driver\src\stm32f10x_tim.o
                                0xe3d (size before relaxing)
 .debug_str     0x00002816      0x5ae src\main.o
                                0x9e6 (size before relaxing)
 .debug_str     0x00002dc4       0x82 src\system\stm32f1xx_it.o
                                0x246 (size before relaxing)
 .debug_str     0x00002e46       0x82 src\system\system_stm32f10x.o
                                0x322 (size before relaxing)

.comment        0x00000000       0x7c
 .comment       0x00000000       0x7c Libraries\FreeRTOS\heap_1.o
                                 0x7d (size before relaxing)
 .comment       0x0000007c       0x7d Libraries\FreeRTOS\list.o
 .comment       0x0000007c       0x7d Libraries\FreeRTOS\port.o
 .comment       0x0000007c       0x7d Libraries\FreeRTOS\tasks.o
 .comment       0x0000007c       0x7d Libraries\STM32F10x_StdPeriph_Driver\src\stm32f10x_gpio.o
 .comment       0x0000007c       0x7d Libraries\STM32F10x_StdPeriph_Driver\src\stm32f10x_rcc.o
 .comment       0x0000007c       0x7d Libraries\STM32F10x_StdPeriph_Driver\src\stm32f10x_tim.o
 .comment       0x0000007c       0x7d src\main.o
 .comment       0x0000007c       0x7d src\system\stm32f1xx_it.o
 .comment       0x0000007c       0x7d src\system\system_stm32f10x.o

.debug_frame    0x00000000     0x2364
 .debug_frame   0x00000000       0x9c Libraries\FreeRTOS\heap_1.o
 .debug_frame   0x0000009c       0xd8 Libraries\FreeRTOS\list.o
 .debug_frame   0x00000174      0x160 Libraries\FreeRTOS\port.o
 .debug_frame   0x000002d4      0x75c Libraries\FreeRTOS\tasks.o
 .debug_frame   0x00000a30      0x2d0 Libraries\STM32F10x_StdPeriph_Driver\src\stm32f10x_gpio.o
 .debug_frame   0x00000d00      0x4f4 Libraries\STM32F10x_StdPeriph_Driver\src\stm32f10x_rcc.o
 .debug_frame   0x000011f4      0xe2c Libraries\STM32F10x_StdPeriph_Driver\src\stm32f10x_tim.o
 .debug_frame   0x00002020      0x150 src\main.o
 .debug_frame   0x00002170      0x110 src\system\stm32f1xx_it.o
 .debug_frame   0x00002280       0x98 src\system\system_stm32f10x.o
 .debug_frame   0x00002318       0x2c d:/truestudio for stm32 9.0.0/armtools/bin/../lib/gcc/arm-atollic-eabi/6.3.1/../../../../arm-atollic-eabi/lib/armv7-m\libc_nano.a(lib_a-init.o)
 .debug_frame   0x00002344       0x20 d:/truestudio for stm32 9.0.0/armtools/bin/../lib/gcc/arm-atollic-eabi/6.3.1/../../../../arm-atollic-eabi/lib/armv7-m\libc_nano.a(lib_a-memset.o)

.stabstr        0x00000000       0x3f
 .stabstr       0x00000000       0x3f d:/truestudio for stm32 9.0.0/armtools/bin/../lib/gcc/arm-atollic-eabi/6.3.1/../../../../arm-atollic-eabi/lib/armv7-m\libnosys.a(write.o)

Cross Reference Table

Symbol                                            File
ADC1_2_IRQHandler                                 src\system\startup_stm32f10x_md.o
ADC_AnalogWatchdogCmd                             Libraries\STM32F10x_StdPeriph_Driver\src\stm32f10x_adc.o
ADC_AnalogWatchdogSingleChannelConfig             Libraries\STM32F10x_StdPeriph_Driver\src\stm32f10x_adc.o
ADC_AnalogWatchdogThresholdsConfig                Libraries\STM32F10x_StdPeriph_Driver\src\stm32f10x_adc.o
ADC_AutoInjectedConvCmd                           Libraries\STM32F10x_StdPeriph_Driver\src\stm32f10x_adc.o
ADC_ClearFlag                                     Libraries\STM32F10x_StdPeriph_Driver\src\stm32f10x_adc.o
ADC_ClearITPendingBit                             Libraries\STM32F10x_StdPeriph_Driver\src\stm32f10x_adc.o
ADC_Cmd                                           Libraries\STM32F10x_StdPeriph_Driver\src\stm32f10x_adc.o
ADC_DMACmd                                        Libraries\STM32F10x_StdPeriph_Driver\src\stm32f10x_adc.o
ADC_DeInit                                        Libraries\STM32F10x_StdPeriph_Driver\src\stm32f10x_adc.o
ADC_DiscModeChannelCountConfig                    Libraries\STM32F10x_StdPeriph_Driver\src\stm32f10x_adc.o
ADC_DiscModeCmd                                   Libraries\STM32F10x_StdPeriph_Driver\src\stm32f10x_adc.o
ADC_ExternalTrigConvCmd                           Libraries\STM32F10x_StdPeriph_Driver\src\stm32f10x_adc.o
ADC_ExternalTrigInjectedConvCmd                   Libraries\STM32F10x_StdPeriph_Driver\src\stm32f10x_adc.o
ADC_ExternalTrigInjectedConvConfig                Libraries\STM32F10x_StdPeriph_Driver\src\stm32f10x_adc.o
ADC_GetCalibrationStatus                          Libraries\STM32F10x_StdPeriph_Driver\src\stm32f10x_adc.o
ADC_GetConversionValue                            Libraries\STM32F10x_StdPeriph_Driver\src\stm32f10x_adc.o
ADC_GetDualModeConversionValue                    Libraries\STM32F10x_StdPeriph_Driver\src\stm32f10x_adc.o
ADC_GetFlagStatus                                 Libraries\STM32F10x_StdPeriph_Driver\src\stm32f10x_adc.o
ADC_GetITStatus                                   Libraries\STM32F10x_StdPeriph_Driver\src\stm32f10x_adc.o
ADC_GetInjectedConversionValue                    Libraries\STM32F10x_StdPeriph_Driver\src\stm32f10x_adc.o
ADC_GetResetCalibrationStatus                     Libraries\STM32F10x_StdPeriph_Driver\src\stm32f10x_adc.o
ADC_GetSoftwareStartConvStatus                    Libraries\STM32F10x_StdPeriph_Driver\src\stm32f10x_adc.o
ADC_GetSoftwareStartInjectedConvCmdStatus         Libraries\STM32F10x_StdPeriph_Driver\src\stm32f10x_adc.o
ADC_ITConfig                                      Libraries\STM32F10x_StdPeriph_Driver\src\stm32f10x_adc.o
ADC_Init                                          Libraries\STM32F10x_StdPeriph_Driver\src\stm32f10x_adc.o
ADC_InjectedChannelConfig                         Libraries\STM32F10x_StdPeriph_Driver\src\stm32f10x_adc.o
ADC_InjectedDiscModeCmd                           Libraries\STM32F10x_StdPeriph_Driver\src\stm32f10x_adc.o
ADC_InjectedSequencerLengthConfig                 Libraries\STM32F10x_StdPeriph_Driver\src\stm32f10x_adc.o
ADC_RegularChannelConfig                          Libraries\STM32F10x_StdPeriph_Driver\src\stm32f10x_adc.o
ADC_ResetCalibration                              Libraries\STM32F10x_StdPeriph_Driver\src\stm32f10x_adc.o
ADC_SetInjectedOffset                             Libraries\STM32F10x_StdPeriph_Driver\src\stm32f10x_adc.o
ADC_SoftwareStartConvCmd                          Libraries\STM32F10x_StdPeriph_Driver\src\stm32f10x_adc.o
ADC_SoftwareStartInjectedConvCmd                  Libraries\STM32F10x_StdPeriph_Driver\src\stm32f10x_adc.o
ADC_StartCalibration                              Libraries\STM32F10x_StdPeriph_Driver\src\stm32f10x_adc.o
ADC_StructInit                                    Libraries\STM32F10x_StdPeriph_Driver\src\stm32f10x_adc.o
ADC_TempSensorVrefintCmd                          Libraries\STM32F10x_StdPeriph_Driver\src\stm32f10x_adc.o
AHBPrescTable                                     src\system\system_stm32f10x.o
BKP_ClearFlag                                     Libraries\STM32F10x_StdPeriph_Driver\src\stm32f10x_bkp.o
BKP_ClearITPendingBit                             Libraries\STM32F10x_StdPeriph_Driver\src\stm32f10x_bkp.o
BKP_DeInit                                        Libraries\STM32F10x_StdPeriph_Driver\src\stm32f10x_bkp.o
BKP_GetFlagStatus                                 Libraries\STM32F10x_StdPeriph_Driver\src\stm32f10x_bkp.o
BKP_GetITStatus                                   Libraries\STM32F10x_StdPeriph_Driver\src\stm32f10x_bkp.o
BKP_ITConfig                                      Libraries\STM32F10x_StdPeriph_Driver\src\stm32f10x_bkp.o
BKP_RTCOutputConfig                               Libraries\STM32F10x_StdPeriph_Driver\src\stm32f10x_bkp.o
BKP_ReadBackupRegister                            Libraries\STM32F10x_StdPeriph_Driver\src\stm32f10x_bkp.o
BKP_SetRTCCalibrationValue                        Libraries\STM32F10x_StdPeriph_Driver\src\stm32f10x_bkp.o
BKP_TamperPinCmd                                  Libraries\STM32F10x_StdPeriph_Driver\src\stm32f10x_bkp.o
BKP_TamperPinLevelConfig                          Libraries\STM32F10x_StdPeriph_Driver\src\stm32f10x_bkp.o
BKP_WriteBackupRegister                           Libraries\STM32F10x_StdPeriph_Driver\src\stm32f10x_bkp.o
BusFault_Handler                                  src\system\stm32f1xx_it.o
                                                  src\system\startup_stm32f10x_md.o
CAN1_RX1_IRQHandler                               src\system\startup_stm32f10x_md.o
CAN1_SCE_IRQHandler                               src\system\startup_stm32f10x_md.o
CAN_CancelTransmit                                Libraries\STM32F10x_StdPeriph_Driver\src\stm32f10x_can.o
CAN_ClearFlag                                     Libraries\STM32F10x_StdPeriph_Driver\src\stm32f10x_can.o
CAN_ClearITPendingBit                             Libraries\STM32F10x_StdPeriph_Driver\src\stm32f10x_can.o
CAN_DBGFreeze                                     Libraries\STM32F10x_StdPeriph_Driver\src\stm32f10x_can.o
CAN_DeInit                                        Libraries\STM32F10x_StdPeriph_Driver\src\stm32f10x_can.o
CAN_FIFORelease                                   Libraries\STM32F10x_StdPeriph_Driver\src\stm32f10x_can.o
CAN_FilterInit                                    Libraries\STM32F10x_StdPeriph_Driver\src\stm32f10x_can.o
CAN_GetFlagStatus                                 Libraries\STM32F10x_StdPeriph_Driver\src\stm32f10x_can.o
CAN_GetITStatus                                   Libraries\STM32F10x_StdPeriph_Driver\src\stm32f10x_can.o
CAN_GetLSBTransmitErrorCounter                    Libraries\STM32F10x_StdPeriph_Driver\src\stm32f10x_can.o
CAN_GetLastErrorCode                              Libraries\STM32F10x_StdPeriph_Driver\src\stm32f10x_can.o
CAN_GetReceiveErrorCounter                        Libraries\STM32F10x_StdPeriph_Driver\src\stm32f10x_can.o
CAN_ITConfig                                      Libraries\STM32F10x_StdPeriph_Driver\src\stm32f10x_can.o
CAN_Init                                          Libraries\STM32F10x_StdPeriph_Driver\src\stm32f10x_can.o
CAN_MessagePending                                Libraries\STM32F10x_StdPeriph_Driver\src\stm32f10x_can.o
CAN_OperatingModeRequest                          Libraries\STM32F10x_StdPeriph_Driver\src\stm32f10x_can.o
CAN_Receive                                       Libraries\STM32F10x_StdPeriph_Driver\src\stm32f10x_can.o
CAN_SlaveStartBank                                Libraries\STM32F10x_StdPeriph_Driver\src\stm32f10x_can.o
CAN_Sleep                                         Libraries\STM32F10x_StdPeriph_Driver\src\stm32f10x_can.o
CAN_StructInit                                    Libraries\STM32F10x_StdPeriph_Driver\src\stm32f10x_can.o
CAN_TTComModeCmd                                  Libraries\STM32F10x_StdPeriph_Driver\src\stm32f10x_can.o
CAN_Transmit                                      Libraries\STM32F10x_StdPeriph_Driver\src\stm32f10x_can.o
CAN_TransmitStatus                                Libraries\STM32F10x_StdPeriph_Driver\src\stm32f10x_can.o
CAN_WakeUp                                        Libraries\STM32F10x_StdPeriph_Driver\src\stm32f10x_can.o
CEC_ClearFlag                                     Libraries\STM32F10x_StdPeriph_Driver\src\stm32f10x_cec.o
CEC_ClearITPendingBit                             Libraries\STM32F10x_StdPeriph_Driver\src\stm32f10x_cec.o
CEC_Cmd                                           Libraries\STM32F10x_StdPeriph_Driver\src\stm32f10x_cec.o
CEC_DeInit                                        Libraries\STM32F10x_StdPeriph_Driver\src\stm32f10x_cec.o
CEC_EndOfMessageCmd                               Libraries\STM32F10x_StdPeriph_Driver\src\stm32f10x_cec.o
CEC_GetFlagStatus                                 Libraries\STM32F10x_StdPeriph_Driver\src\stm32f10x_cec.o
CEC_GetITStatus                                   Libraries\STM32F10x_StdPeriph_Driver\src\stm32f10x_cec.o
CEC_ITConfig                                      Libraries\STM32F10x_StdPeriph_Driver\src\stm32f10x_cec.o
CEC_Init                                          Libraries\STM32F10x_StdPeriph_Driver\src\stm32f10x_cec.o
CEC_OwnAddressConfig                              Libraries\STM32F10x_StdPeriph_Driver\src\stm32f10x_cec.o
CEC_ReceiveDataByte                               Libraries\STM32F10x_StdPeriph_Driver\src\stm32f10x_cec.o
CEC_SendDataByte                                  Libraries\STM32F10x_StdPeriph_Driver\src\stm32f10x_cec.o
CEC_SetPrescaler                                  Libraries\STM32F10x_StdPeriph_Driver\src\stm32f10x_cec.o
CEC_StartOfMessage                                Libraries\STM32F10x_StdPeriph_Driver\src\stm32f10x_cec.o
CRC_CalcBlockCRC                                  Libraries\STM32F10x_StdPeriph_Driver\src\stm32f10x_crc.o
CRC_CalcCRC                                       Libraries\STM32F10x_StdPeriph_Driver\src\stm32f10x_crc.o
CRC_GetCRC                                        Libraries\STM32F10x_StdPeriph_Driver\src\stm32f10x_crc.o
CRC_GetIDRegister                                 Libraries\STM32F10x_StdPeriph_Driver\src\stm32f10x_crc.o
CRC_ResetDR                                       Libraries\STM32F10x_StdPeriph_Driver\src\stm32f10x_crc.o
CRC_SetIDRegister                                 Libraries\STM32F10x_StdPeriph_Driver\src\stm32f10x_crc.o
DAC_Cmd                                           Libraries\STM32F10x_StdPeriph_Driver\src\stm32f10x_dac.o
DAC_DMACmd                                        Libraries\STM32F10x_StdPeriph_Driver\src\stm32f10x_dac.o
DAC_DeInit                                        Libraries\STM32F10x_StdPeriph_Driver\src\stm32f10x_dac.o
DAC_DualSoftwareTriggerCmd                        Libraries\STM32F10x_StdPeriph_Driver\src\stm32f10x_dac.o
DAC_GetDataOutputValue                            Libraries\STM32F10x_StdPeriph_Driver\src\stm32f10x_dac.o
DAC_Init                                          Libraries\STM32F10x_StdPeriph_Driver\src\stm32f10x_dac.o
DAC_SetChannel1Data                               Libraries\STM32F10x_StdPeriph_Driver\src\stm32f10x_dac.o
DAC_SetChannel2Data                               Libraries\STM32F10x_StdPeriph_Driver\src\stm32f10x_dac.o
DAC_SetDualChannelData                            Libraries\STM32F10x_StdPeriph_Driver\src\stm32f10x_dac.o
DAC_SoftwareTriggerCmd                            Libraries\STM32F10x_StdPeriph_Driver\src\stm32f10x_dac.o
DAC_StructInit                                    Libraries\STM32F10x_StdPeriph_Driver\src\stm32f10x_dac.o
DAC_WaveGenerationCmd                             Libraries\STM32F10x_StdPeriph_Driver\src\stm32f10x_dac.o
DBGMCU_Config                                     Libraries\STM32F10x_StdPeriph_Driver\src\stm32f10x_dbgmcu.o
DBGMCU_GetDEVID                                   Libraries\STM32F10x_StdPeriph_Driver\src\stm32f10x_dbgmcu.o
DBGMCU_GetREVID                                   Libraries\STM32F10x_StdPeriph_Driver\src\stm32f10x_dbgmcu.o
DMA1_Channel1_IRQHandler                          src\system\startup_stm32f10x_md.o
DMA1_Channel2_IRQHandler                          src\system\startup_stm32f10x_md.o
DMA1_Channel3_IRQHandler                          src\system\startup_stm32f10x_md.o
DMA1_Channel4_IRQHandler                          src\system\startup_stm32f10x_md.o
DMA1_Channel5_IRQHandler                          src\system\startup_stm32f10x_md.o
DMA1_Channel6_IRQHandler                          src\system\startup_stm32f10x_md.o
DMA1_Channel7_IRQHandler                          src\system\startup_stm32f10x_md.o
DMA_ClearFlag                                     Libraries\STM32F10x_StdPeriph_Driver\src\stm32f10x_dma.o
DMA_ClearITPendingBit                             Libraries\STM32F10x_StdPeriph_Driver\src\stm32f10x_dma.o
DMA_Cmd                                           Libraries\STM32F10x_StdPeriph_Driver\src\stm32f10x_dma.o
DMA_DeInit                                        Libraries\STM32F10x_StdPeriph_Driver\src\stm32f10x_dma.o
DMA_GetCurrDataCounter                            Libraries\STM32F10x_StdPeriph_Driver\src\stm32f10x_dma.o
DMA_GetFlagStatus                                 Libraries\STM32F10x_StdPeriph_Driver\src\stm32f10x_dma.o
DMA_GetITStatus                                   Libraries\STM32F10x_StdPeriph_Driver\src\stm32f10x_dma.o
DMA_ITConfig                                      Libraries\STM32F10x_StdPeriph_Driver\src\stm32f10x_dma.o
DMA_Init                                          Libraries\STM32F10x_StdPeriph_Driver\src\stm32f10x_dma.o
DMA_SetCurrDataCounter                            Libraries\STM32F10x_StdPeriph_Driver\src\stm32f10x_dma.o
DMA_StructInit                                    Libraries\STM32F10x_StdPeriph_Driver\src\stm32f10x_dma.o
DebugMon_Handler                                  src\system\stm32f1xx_it.o
                                                  src\system\startup_stm32f10x_md.o
Default_Handler                                   src\system\startup_stm32f10x_md.o
EXTI0_IRQHandler                                  src\system\startup_stm32f10x_md.o
EXTI15_10_IRQHandler                              src\system\startup_stm32f10x_md.o
EXTI1_IRQHandler                                  src\system\startup_stm32f10x_md.o
EXTI2_IRQHandler                                  src\system\startup_stm32f10x_md.o
EXTI3_IRQHandler                                  src\system\startup_stm32f10x_md.o
EXTI4_IRQHandler                                  src\system\startup_stm32f10x_md.o
EXTI9_5_IRQHandler                                src\system\startup_stm32f10x_md.o
EXTI_ClearFlag                                    Libraries\STM32F10x_StdPeriph_Driver\src\stm32f10x_exti.o
EXTI_ClearITPendingBit                            Libraries\STM32F10x_StdPeriph_Driver\src\stm32f10x_exti.o
EXTI_DeInit                                       Libraries\STM32F10x_StdPeriph_Driver\src\stm32f10x_exti.o
EXTI_GenerateSWInterrupt                          Libraries\STM32F10x_StdPeriph_Driver\src\stm32f10x_exti.o
EXTI_GetFlagStatus                                Libraries\STM32F10x_StdPeriph_Driver\src\stm32f10x_exti.o
EXTI_GetITStatus                                  Libraries\STM32F10x_StdPeriph_Driver\src\stm32f10x_exti.o
EXTI_Init                                         Libraries\STM32F10x_StdPeriph_Driver\src\stm32f10x_exti.o
EXTI_StructInit                                   Libraries\STM32F10x_StdPeriph_Driver\src\stm32f10x_exti.o
FLASH_ClearFlag                                   Libraries\STM32F10x_StdPeriph_Driver\src\stm32f10x_flash.o
FLASH_EnableWriteProtection                       Libraries\STM32F10x_StdPeriph_Driver\src\stm32f10x_flash.o
FLASH_EraseAllBank1Pages                          Libraries\STM32F10x_StdPeriph_Driver\src\stm32f10x_flash.o
FLASH_EraseAllPages                               Libraries\STM32F10x_StdPeriph_Driver\src\stm32f10x_flash.o
FLASH_EraseOptionBytes                            Libraries\STM32F10x_StdPeriph_Driver\src\stm32f10x_flash.o
FLASH_ErasePage                                   Libraries\STM32F10x_StdPeriph_Driver\src\stm32f10x_flash.o
FLASH_GetBank1Status                              Libraries\STM32F10x_StdPeriph_Driver\src\stm32f10x_flash.o
FLASH_GetFlagStatus                               Libraries\STM32F10x_StdPeriph_Driver\src\stm32f10x_flash.o
FLASH_GetPrefetchBufferStatus                     Libraries\STM32F10x_StdPeriph_Driver\src\stm32f10x_flash.o
FLASH_GetReadOutProtectionStatus                  Libraries\STM32F10x_StdPeriph_Driver\src\stm32f10x_flash.o
FLASH_GetStatus                                   Libraries\STM32F10x_StdPeriph_Driver\src\stm32f10x_flash.o
FLASH_GetUserOptionByte                           Libraries\STM32F10x_StdPeriph_Driver\src\stm32f10x_flash.o
FLASH_GetWriteProtectionOptionByte                Libraries\STM32F10x_StdPeriph_Driver\src\stm32f10x_flash.o
FLASH_HalfCycleAccessCmd                          Libraries\STM32F10x_StdPeriph_Driver\src\stm32f10x_flash.o
FLASH_IRQHandler                                  src\system\startup_stm32f10x_md.o
FLASH_ITConfig                                    Libraries\STM32F10x_StdPeriph_Driver\src\stm32f10x_flash.o
FLASH_Lock                                        Libraries\STM32F10x_StdPeriph_Driver\src\stm32f10x_flash.o
FLASH_LockBank1                                   Libraries\STM32F10x_StdPeriph_Driver\src\stm32f10x_flash.o
FLASH_PrefetchBufferCmd                           Libraries\STM32F10x_StdPeriph_Driver\src\stm32f10x_flash.o
FLASH_ProgramHalfWord                             Libraries\STM32F10x_StdPeriph_Driver\src\stm32f10x_flash.o
FLASH_ProgramOptionByteData                       Libraries\STM32F10x_StdPeriph_Driver\src\stm32f10x_flash.o
FLASH_ProgramWord                                 Libraries\STM32F10x_StdPeriph_Driver\src\stm32f10x_flash.o
FLASH_ReadOutProtection                           Libraries\STM32F10x_StdPeriph_Driver\src\stm32f10x_flash.o
FLASH_SetLatency                                  Libraries\STM32F10x_StdPeriph_Driver\src\stm32f10x_flash.o
FLASH_Unlock                                      Libraries\STM32F10x_StdPeriph_Driver\src\stm32f10x_flash.o
FLASH_UnlockBank1                                 Libraries\STM32F10x_StdPeriph_Driver\src\stm32f10x_flash.o
FLASH_UserOptionByteConfig                        Libraries\STM32F10x_StdPeriph_Driver\src\stm32f10x_flash.o
FLASH_WaitForLastBank1Operation                   Libraries\STM32F10x_StdPeriph_Driver\src\stm32f10x_flash.o
FLASH_WaitForLastOperation                        Libraries\STM32F10x_StdPeriph_Driver\src\stm32f10x_flash.o
FSMC_ClearFlag                                    Libraries\STM32F10x_StdPeriph_Driver\src\stm32f10x_fsmc.o
FSMC_ClearITPendingBit                            Libraries\STM32F10x_StdPeriph_Driver\src\stm32f10x_fsmc.o
FSMC_GetECC                                       Libraries\STM32F10x_StdPeriph_Driver\src\stm32f10x_fsmc.o
FSMC_GetFlagStatus                                Libraries\STM32F10x_StdPeriph_Driver\src\stm32f10x_fsmc.o
FSMC_GetITStatus                                  Libraries\STM32F10x_StdPeriph_Driver\src\stm32f10x_fsmc.o
FSMC_ITConfig                                     Libraries\STM32F10x_StdPeriph_Driver\src\stm32f10x_fsmc.o
FSMC_NANDCmd                                      Libraries\STM32F10x_StdPeriph_Driver\src\stm32f10x_fsmc.o
FSMC_NANDDeInit                                   Libraries\STM32F10x_StdPeriph_Driver\src\stm32f10x_fsmc.o
FSMC_NANDECCCmd                                   Libraries\STM32F10x_StdPeriph_Driver\src\stm32f10x_fsmc.o
FSMC_NANDInit                                     Libraries\STM32F10x_StdPeriph_Driver\src\stm32f10x_fsmc.o
FSMC_NANDStructInit                               Libraries\STM32F10x_StdPeriph_Driver\src\stm32f10x_fsmc.o
FSMC_NORSRAMCmd                                   Libraries\STM32F10x_StdPeriph_Driver\src\stm32f10x_fsmc.o
FSMC_NORSRAMDeInit                                Libraries\STM32F10x_StdPeriph_Driver\src\stm32f10x_fsmc.o
FSMC_NORSRAMInit                                  Libraries\STM32F10x_StdPeriph_Driver\src\stm32f10x_fsmc.o
FSMC_NORSRAMStructInit                            Libraries\STM32F10x_StdPeriph_Driver\src\stm32f10x_fsmc.o
FSMC_PCCARDCmd                                    Libraries\STM32F10x_StdPeriph_Driver\src\stm32f10x_fsmc.o
FSMC_PCCARDDeInit                                 Libraries\STM32F10x_StdPeriph_Driver\src\stm32f10x_fsmc.o
FSMC_PCCARDInit                                   Libraries\STM32F10x_StdPeriph_Driver\src\stm32f10x_fsmc.o
FSMC_PCCARDStructInit                             Libraries\STM32F10x_StdPeriph_Driver\src\stm32f10x_fsmc.o
GPIO_AFIODeInit                                   Libraries\STM32F10x_StdPeriph_Driver\src\stm32f10x_gpio.o
GPIO_DeInit                                       Libraries\STM32F10x_StdPeriph_Driver\src\stm32f10x_gpio.o
GPIO_ETH_MediaInterfaceConfig                     Libraries\STM32F10x_StdPeriph_Driver\src\stm32f10x_gpio.o
GPIO_EXTILineConfig                               Libraries\STM32F10x_StdPeriph_Driver\src\stm32f10x_gpio.o
GPIO_EventOutputCmd                               Libraries\STM32F10x_StdPeriph_Driver\src\stm32f10x_gpio.o
GPIO_EventOutputConfig                            Libraries\STM32F10x_StdPeriph_Driver\src\stm32f10x_gpio.o
GPIO_Init                                         Libraries\STM32F10x_StdPeriph_Driver\src\stm32f10x_gpio.o
                                                  src\main.o
GPIO_PinLockConfig                                Libraries\STM32F10x_StdPeriph_Driver\src\stm32f10x_gpio.o
GPIO_PinRemapConfig                               Libraries\STM32F10x_StdPeriph_Driver\src\stm32f10x_gpio.o
GPIO_ReadInputData                                Libraries\STM32F10x_StdPeriph_Driver\src\stm32f10x_gpio.o
GPIO_ReadInputDataBit                             Libraries\STM32F10x_StdPeriph_Driver\src\stm32f10x_gpio.o
GPIO_ReadOutputData                               Libraries\STM32F10x_StdPeriph_Driver\src\stm32f10x_gpio.o
GPIO_ReadOutputDataBit                            Libraries\STM32F10x_StdPeriph_Driver\src\stm32f10x_gpio.o
GPIO_ResetBits                                    Libraries\STM32F10x_StdPeriph_Driver\src\stm32f10x_gpio.o
                                                  src\main.o
GPIO_SetBits                                      Libraries\STM32F10x_StdPeriph_Driver\src\stm32f10x_gpio.o
                                                  src\main.o
GPIO_StructInit                                   Libraries\STM32F10x_StdPeriph_Driver\src\stm32f10x_gpio.o
GPIO_Write                                        Libraries\STM32F10x_StdPeriph_Driver\src\stm32f10x_gpio.o
GPIO_WriteBit                                     Libraries\STM32F10x_StdPeriph_Driver\src\stm32f10x_gpio.o
HardFault_Handler                                 src\system\stm32f1xx_it.o
                                                  src\system\startup_stm32f10x_md.o
I2C1_ER_IRQHandler                                src\system\startup_stm32f10x_md.o
I2C1_EV_IRQHandler                                src\system\startup_stm32f10x_md.o
I2C2_ER_IRQHandler                                src\system\startup_stm32f10x_md.o
I2C2_EV_IRQHandler                                src\system\startup_stm32f10x_md.o
I2C_ARPCmd                                        Libraries\STM32F10x_StdPeriph_Driver\src\stm32f10x_i2c.o
I2C_AcknowledgeConfig                             Libraries\STM32F10x_StdPeriph_Driver\src\stm32f10x_i2c.o
I2C_CalculatePEC                                  Libraries\STM32F10x_StdPeriph_Driver\src\stm32f10x_i2c.o
I2C_CheckEvent                                    Libraries\STM32F10x_StdPeriph_Driver\src\stm32f10x_i2c.o
I2C_ClearFlag                                     Libraries\STM32F10x_StdPeriph_Driver\src\stm32f10x_i2c.o
I2C_ClearITPendingBit                             Libraries\STM32F10x_StdPeriph_Driver\src\stm32f10x_i2c.o
I2C_Cmd                                           Libraries\STM32F10x_StdPeriph_Driver\src\stm32f10x_i2c.o
I2C_DMACmd                                        Libraries\STM32F10x_StdPeriph_Driver\src\stm32f10x_i2c.o
I2C_DMALastTransferCmd                            Libraries\STM32F10x_StdPeriph_Driver\src\stm32f10x_i2c.o
I2C_DeInit                                        Libraries\STM32F10x_StdPeriph_Driver\src\stm32f10x_i2c.o
I2C_DualAddressCmd                                Libraries\STM32F10x_StdPeriph_Driver\src\stm32f10x_i2c.o
I2C_FastModeDutyCycleConfig                       Libraries\STM32F10x_StdPeriph_Driver\src\stm32f10x_i2c.o
I2C_GeneralCallCmd                                Libraries\STM32F10x_StdPeriph_Driver\src\stm32f10x_i2c.o
I2C_GenerateSTART                                 Libraries\STM32F10x_StdPeriph_Driver\src\stm32f10x_i2c.o
I2C_GenerateSTOP                                  Libraries\STM32F10x_StdPeriph_Driver\src\stm32f10x_i2c.o
I2C_GetFlagStatus                                 Libraries\STM32F10x_StdPeriph_Driver\src\stm32f10x_i2c.o
I2C_GetITStatus                                   Libraries\STM32F10x_StdPeriph_Driver\src\stm32f10x_i2c.o
I2C_GetLastEvent                                  Libraries\STM32F10x_StdPeriph_Driver\src\stm32f10x_i2c.o
I2C_GetPEC                                        Libraries\STM32F10x_StdPeriph_Driver\src\stm32f10x_i2c.o
I2C_ITConfig                                      Libraries\STM32F10x_StdPeriph_Driver\src\stm32f10x_i2c.o
I2C_Init                                          Libraries\STM32F10x_StdPeriph_Driver\src\stm32f10x_i2c.o
I2C_NACKPositionConfig                            Libraries\STM32F10x_StdPeriph_Driver\src\stm32f10x_i2c.o
I2C_OwnAddress2Config                             Libraries\STM32F10x_StdPeriph_Driver\src\stm32f10x_i2c.o
I2C_PECPositionConfig                             Libraries\STM32F10x_StdPeriph_Driver\src\stm32f10x_i2c.o
I2C_ReadRegister                                  Libraries\STM32F10x_StdPeriph_Driver\src\stm32f10x_i2c.o
I2C_ReceiveData                                   Libraries\STM32F10x_StdPeriph_Driver\src\stm32f10x_i2c.o
I2C_SMBusAlertConfig                              Libraries\STM32F10x_StdPeriph_Driver\src\stm32f10x_i2c.o
I2C_Send7bitAddress                               Libraries\STM32F10x_StdPeriph_Driver\src\stm32f10x_i2c.o
I2C_SendData                                      Libraries\STM32F10x_StdPeriph_Driver\src\stm32f10x_i2c.o
I2C_SoftwareResetCmd                              Libraries\STM32F10x_StdPeriph_Driver\src\stm32f10x_i2c.o
I2C_StretchClockCmd                               Libraries\STM32F10x_StdPeriph_Driver\src\stm32f10x_i2c.o
I2C_StructInit                                    Libraries\STM32F10x_StdPeriph_Driver\src\stm32f10x_i2c.o
I2C_TransmitPEC                                   Libraries\STM32F10x_StdPeriph_Driver\src\stm32f10x_i2c.o
I2S_Cmd                                           Libraries\STM32F10x_StdPeriph_Driver\src\stm32f10x_spi.o
I2S_Init                                          Libraries\STM32F10x_StdPeriph_Driver\src\stm32f10x_spi.o
I2S_StructInit                                    Libraries\STM32F10x_StdPeriph_Driver\src\stm32f10x_spi.o
IWDG_Enable                                       Libraries\STM32F10x_StdPeriph_Driver\src\stm32f10x_iwdg.o
IWDG_GetFlagStatus                                Libraries\STM32F10x_StdPeriph_Driver\src\stm32f10x_iwdg.o
IWDG_ReloadCounter                                Libraries\STM32F10x_StdPeriph_Driver\src\stm32f10x_iwdg.o
IWDG_SetPrescaler                                 Libraries\STM32F10x_StdPeriph_Driver\src\stm32f10x_iwdg.o
IWDG_SetReload                                    Libraries\STM32F10x_StdPeriph_Driver\src\stm32f10x_iwdg.o
IWDG_WriteAccessCmd                               Libraries\STM32F10x_StdPeriph_Driver\src\stm32f10x_iwdg.o
MemManage_Handler                                 src\system\stm32f1xx_it.o
                                                  src\system\startup_stm32f10x_md.o
NMI_Handler                                       src\system\stm32f1xx_it.o
                                                  src\system\startup_stm32f10x_md.o
NVIC_Init                                         Libraries\STM32F10x_StdPeriph_Driver\src\misc.o
NVIC_PriorityGroupConfig                          Libraries\STM32F10x_StdPeriph_Driver\src\misc.o
NVIC_SetVectorTable                               Libraries\STM32F10x_StdPeriph_Driver\src\misc.o
NVIC_SystemLPConfig                               Libraries\STM32F10x_StdPeriph_Driver\src\misc.o
PVD_IRQHandler                                    src\system\startup_stm32f10x_md.o
PWR_BackupAccessCmd                               Libraries\STM32F10x_StdPeriph_Driver\src\stm32f10x_pwr.o
PWR_ClearFlag                                     Libraries\STM32F10x_StdPeriph_Driver\src\stm32f10x_pwr.o
PWR_DeInit                                        Libraries\STM32F10x_StdPeriph_Driver\src\stm32f10x_pwr.o
PWR_EnterSTANDBYMode                              Libraries\STM32F10x_StdPeriph_Driver\src\stm32f10x_pwr.o
PWR_EnterSTOPMode                                 Libraries\STM32F10x_StdPeriph_Driver\src\stm32f10x_pwr.o
PWR_GetFlagStatus                                 Libraries\STM32F10x_StdPeriph_Driver\src\stm32f10x_pwr.o
PWR_PVDCmd                                        Libraries\STM32F10x_StdPeriph_Driver\src\stm32f10x_pwr.o
PWR_PVDLevelConfig                                Libraries\STM32F10x_StdPeriph_Driver\src\stm32f10x_pwr.o
PWR_WakeUpPinCmd                                  Libraries\STM32F10x_StdPeriph_Driver\src\stm32f10x_pwr.o
PendSV_Handler                                    Libraries\FreeRTOS\port.o
RCC_ADCCLKConfig                                  Libraries\STM32F10x_StdPeriph_Driver\src\stm32f10x_rcc.o
RCC_AHBPeriphClockCmd                             Libraries\STM32F10x_StdPeriph_Driver\src\stm32f10x_rcc.o
RCC_APB1PeriphClockCmd                            Libraries\STM32F10x_StdPeriph_Driver\src\stm32f10x_rcc.o
                                                  src\main.o
RCC_APB1PeriphResetCmd                            Libraries\STM32F10x_StdPeriph_Driver\src\stm32f10x_rcc.o
                                                  Libraries\STM32F10x_StdPeriph_Driver\src\stm32f10x_wwdg.o
                                                  Libraries\STM32F10x_StdPeriph_Driver\src\stm32f10x_usart.o
                                                  Libraries\STM32F10x_StdPeriph_Driver\src\stm32f10x_tim.o
                                                  Libraries\STM32F10x_StdPeriph_Driver\src\stm32f10x_spi.o
                                                  Libraries\STM32F10x_StdPeriph_Driver\src\stm32f10x_pwr.o
                                                  Libraries\STM32F10x_StdPeriph_Driver\src\stm32f10x_i2c.o
                                                  Libraries\STM32F10x_StdPeriph_Driver\src\stm32f10x_dac.o
                                                  Libraries\STM32F10x_StdPeriph_Driver\src\stm32f10x_cec.o
                                                  Libraries\STM32F10x_StdPeriph_Driver\src\stm32f10x_can.o
RCC_APB2PeriphClockCmd                            Libraries\STM32F10x_StdPeriph_Driver\src\stm32f10x_rcc.o
                                                  src\main.o
RCC_APB2PeriphResetCmd                            Libraries\STM32F10x_StdPeriph_Driver\src\stm32f10x_rcc.o
                                                  Libraries\STM32F10x_StdPeriph_Driver\src\stm32f10x_usart.o
                                                  Libraries\STM32F10x_StdPeriph_Driver\src\stm32f10x_tim.o
                                                  Libraries\STM32F10x_StdPeriph_Driver\src\stm32f10x_spi.o
                                                  Libraries\STM32F10x_StdPeriph_Driver\src\stm32f10x_gpio.o
                                                  Libraries\STM32F10x_StdPeriph_Driver\src\stm32f10x_adc.o
RCC_AdjustHSICalibrationValue                     Libraries\STM32F10x_StdPeriph_Driver\src\stm32f10x_rcc.o
RCC_BackupResetCmd                                Libraries\STM32F10x_StdPeriph_Driver\src\stm32f10x_rcc.o
                                                  Libraries\STM32F10x_StdPeriph_Driver\src\stm32f10x_bkp.o
RCC_ClearFlag                                     Libraries\STM32F10x_StdPeriph_Driver\src\stm32f10x_rcc.o
RCC_ClearITPendingBit                             Libraries\STM32F10x_StdPeriph_Driver\src\stm32f10x_rcc.o
RCC_ClockSecuritySystemCmd                        Libraries\STM32F10x_StdPeriph_Driver\src\stm32f10x_rcc.o
RCC_DeInit                                        Libraries\STM32F10x_StdPeriph_Driver\src\stm32f10x_rcc.o
RCC_GetClocksFreq                                 Libraries\STM32F10x_StdPeriph_Driver\src\stm32f10x_rcc.o
                                                  Libraries\STM32F10x_StdPeriph_Driver\src\stm32f10x_usart.o
                                                  Libraries\STM32F10x_StdPeriph_Driver\src\stm32f10x_spi.o
                                                  Libraries\STM32F10x_StdPeriph_Driver\src\stm32f10x_i2c.o
RCC_GetFlagStatus                                 Libraries\STM32F10x_StdPeriph_Driver\src\stm32f10x_rcc.o
RCC_GetITStatus                                   Libraries\STM32F10x_StdPeriph_Driver\src\stm32f10x_rcc.o
RCC_GetSYSCLKSource                               Libraries\STM32F10x_StdPeriph_Driver\src\stm32f10x_rcc.o
RCC_HCLKConfig                                    Libraries\STM32F10x_StdPeriph_Driver\src\stm32f10x_rcc.o
RCC_HSEConfig                                     Libraries\STM32F10x_StdPeriph_Driver\src\stm32f10x_rcc.o
RCC_HSICmd                                        Libraries\STM32F10x_StdPeriph_Driver\src\stm32f10x_rcc.o
RCC_IRQHandler                                    src\system\startup_stm32f10x_md.o
RCC_ITConfig                                      Libraries\STM32F10x_StdPeriph_Driver\src\stm32f10x_rcc.o
RCC_LSEConfig                                     Libraries\STM32F10x_StdPeriph_Driver\src\stm32f10x_rcc.o
RCC_LSICmd                                        Libraries\STM32F10x_StdPeriph_Driver\src\stm32f10x_rcc.o
RCC_MCOConfig                                     Libraries\STM32F10x_StdPeriph_Driver\src\stm32f10x_rcc.o
RCC_PCLK1Config                                   Libraries\STM32F10x_StdPeriph_Driver\src\stm32f10x_rcc.o
RCC_PCLK2Config                                   Libraries\STM32F10x_StdPeriph_Driver\src\stm32f10x_rcc.o
RCC_PLLCmd                                        Libraries\STM32F10x_StdPeriph_Driver\src\stm32f10x_rcc.o
RCC_PLLConfig                                     Libraries\STM32F10x_StdPeriph_Driver\src\stm32f10x_rcc.o
RCC_RTCCLKCmd                                     Libraries\STM32F10x_StdPeriph_Driver\src\stm32f10x_rcc.o
RCC_RTCCLKConfig                                  Libraries\STM32F10x_StdPeriph_Driver\src\stm32f10x_rcc.o
RCC_SYSCLKConfig                                  Libraries\STM32F10x_StdPeriph_Driver\src\stm32f10x_rcc.o
RCC_USBCLKConfig                                  Libraries\STM32F10x_StdPeriph_Driver\src\stm32f10x_rcc.o
RCC_WaitForHSEStartUp                             Libraries\STM32F10x_StdPeriph_Driver\src\stm32f10x_rcc.o
RTCAlarm_IRQHandler                               src\system\startup_stm32f10x_md.o
RTC_ClearFlag                                     Libraries\STM32F10x_StdPeriph_Driver\src\stm32f10x_rtc.o
RTC_ClearITPendingBit                             Libraries\STM32F10x_StdPeriph_Driver\src\stm32f10x_rtc.o
RTC_EnterConfigMode                               Libraries\STM32F10x_StdPeriph_Driver\src\stm32f10x_rtc.o
RTC_ExitConfigMode                                Libraries\STM32F10x_StdPeriph_Driver\src\stm32f10x_rtc.o
RTC_GetCounter                                    Libraries\STM32F10x_StdPeriph_Driver\src\stm32f10x_rtc.o
RTC_GetDivider                                    Libraries\STM32F10x_StdPeriph_Driver\src\stm32f10x_rtc.o
RTC_GetFlagStatus                                 Libraries\STM32F10x_StdPeriph_Driver\src\stm32f10x_rtc.o
RTC_GetITStatus                                   Libraries\STM32F10x_StdPeriph_Driver\src\stm32f10x_rtc.o
RTC_IRQHandler                                    src\system\startup_stm32f10x_md.o
RTC_ITConfig                                      Libraries\STM32F10x_StdPeriph_Driver\src\stm32f10x_rtc.o
RTC_SetAlarm                                      Libraries\STM32F10x_StdPeriph_Driver\src\stm32f10x_rtc.o
RTC_SetCounter                                    Libraries\STM32F10x_StdPeriph_Driver\src\stm32f10x_rtc.o
RTC_SetPrescaler                                  Libraries\STM32F10x_StdPeriph_Driver\src\stm32f10x_rtc.o
RTC_WaitForLastTask                               Libraries\STM32F10x_StdPeriph_Driver\src\stm32f10x_rtc.o
RTC_WaitForSynchro                                Libraries\STM32F10x_StdPeriph_Driver\src\stm32f10x_rtc.o
Reset_Handler                                     src\system\startup_stm32f10x_md.o
SDIO_CEATAITCmd                                   Libraries\STM32F10x_StdPeriph_Driver\src\stm32f10x_sdio.o
SDIO_ClearFlag                                    Libraries\STM32F10x_StdPeriph_Driver\src\stm32f10x_sdio.o
SDIO_ClearITPendingBit                            Libraries\STM32F10x_StdPeriph_Driver\src\stm32f10x_sdio.o
SDIO_ClockCmd                                     Libraries\STM32F10x_StdPeriph_Driver\src\stm32f10x_sdio.o
SDIO_CmdStructInit                                Libraries\STM32F10x_StdPeriph_Driver\src\stm32f10x_sdio.o
SDIO_CommandCompletionCmd                         Libraries\STM32F10x_StdPeriph_Driver\src\stm32f10x_sdio.o
SDIO_DMACmd                                       Libraries\STM32F10x_StdPeriph_Driver\src\stm32f10x_sdio.o
SDIO_DataConfig                                   Libraries\STM32F10x_StdPeriph_Driver\src\stm32f10x_sdio.o
SDIO_DataStructInit                               Libraries\STM32F10x_StdPeriph_Driver\src\stm32f10x_sdio.o
SDIO_DeInit                                       Libraries\STM32F10x_StdPeriph_Driver\src\stm32f10x_sdio.o
SDIO_GetCommandResponse                           Libraries\STM32F10x_StdPeriph_Driver\src\stm32f10x_sdio.o
SDIO_GetDataCounter                               Libraries\STM32F10x_StdPeriph_Driver\src\stm32f10x_sdio.o
SDIO_GetFIFOCount                                 Libraries\STM32F10x_StdPeriph_Driver\src\stm32f10x_sdio.o
SDIO_GetFlagStatus                                Libraries\STM32F10x_StdPeriph_Driver\src\stm32f10x_sdio.o
SDIO_GetITStatus                                  Libraries\STM32F10x_StdPeriph_Driver\src\stm32f10x_sdio.o
SDIO_GetPowerState                                Libraries\STM32F10x_StdPeriph_Driver\src\stm32f10x_sdio.o
SDIO_GetResponse                                  Libraries\STM32F10x_StdPeriph_Driver\src\stm32f10x_sdio.o
SDIO_ITConfig                                     Libraries\STM32F10x_StdPeriph_Driver\src\stm32f10x_sdio.o
SDIO_Init                                         Libraries\STM32F10x_StdPeriph_Driver\src\stm32f10x_sdio.o
SDIO_ReadData                                     Libraries\STM32F10x_StdPeriph_Driver\src\stm32f10x_sdio.o
SDIO_SendCEATACmd                                 Libraries\STM32F10x_StdPeriph_Driver\src\stm32f10x_sdio.o
SDIO_SendCommand                                  Libraries\STM32F10x_StdPeriph_Driver\src\stm32f10x_sdio.o
SDIO_SendSDIOSuspendCmd                           Libraries\STM32F10x_StdPeriph_Driver\src\stm32f10x_sdio.o
SDIO_SetPowerState                                Libraries\STM32F10x_StdPeriph_Driver\src\stm32f10x_sdio.o
SDIO_SetSDIOOperation                             Libraries\STM32F10x_StdPeriph_Driver\src\stm32f10x_sdio.o
SDIO_SetSDIOReadWaitMode                          Libraries\STM32F10x_StdPeriph_Driver\src\stm32f10x_sdio.o
SDIO_StartSDIOReadWait                            Libraries\STM32F10x_StdPeriph_Driver\src\stm32f10x_sdio.o
SDIO_StopSDIOReadWait                             Libraries\STM32F10x_StdPeriph_Driver\src\stm32f10x_sdio.o
SDIO_StructInit                                   Libraries\STM32F10x_StdPeriph_Driver\src\stm32f10x_sdio.o
SDIO_WriteData                                    Libraries\STM32F10x_StdPeriph_Driver\src\stm32f10x_sdio.o
SPI1_IRQHandler                                   src\system\startup_stm32f10x_md.o
SPI2_IRQHandler                                   src\system\startup_stm32f10x_md.o
SPI_BiDirectionalLineConfig                       Libraries\STM32F10x_StdPeriph_Driver\src\stm32f10x_spi.o
SPI_CalculateCRC                                  Libraries\STM32F10x_StdPeriph_Driver\src\stm32f10x_spi.o
SPI_Cmd                                           Libraries\STM32F10x_StdPeriph_Driver\src\stm32f10x_spi.o
SPI_DataSizeConfig                                Libraries\STM32F10x_StdPeriph_Driver\src\stm32f10x_spi.o
SPI_GetCRC                                        Libraries\STM32F10x_StdPeriph_Driver\src\stm32f10x_spi.o
SPI_GetCRCPolynomial                              Libraries\STM32F10x_StdPeriph_Driver\src\stm32f10x_spi.o
SPI_I2S_ClearFlag                                 Libraries\STM32F10x_StdPeriph_Driver\src\stm32f10x_spi.o
SPI_I2S_ClearITPendingBit                         Libraries\STM32F10x_StdPeriph_Driver\src\stm32f10x_spi.o
SPI_I2S_DMACmd                                    Libraries\STM32F10x_StdPeriph_Driver\src\stm32f10x_spi.o
SPI_I2S_DeInit                                    Libraries\STM32F10x_StdPeriph_Driver\src\stm32f10x_spi.o
SPI_I2S_GetFlagStatus                             Libraries\STM32F10x_StdPeriph_Driver\src\stm32f10x_spi.o
SPI_I2S_GetITStatus                               Libraries\STM32F10x_StdPeriph_Driver\src\stm32f10x_spi.o
SPI_I2S_ITConfig                                  Libraries\STM32F10x_StdPeriph_Driver\src\stm32f10x_spi.o
SPI_I2S_ReceiveData                               Libraries\STM32F10x_StdPeriph_Driver\src\stm32f10x_spi.o
SPI_I2S_SendData                                  Libraries\STM32F10x_StdPeriph_Driver\src\stm32f10x_spi.o
SPI_Init                                          Libraries\STM32F10x_StdPeriph_Driver\src\stm32f10x_spi.o
SPI_NSSInternalSoftwareConfig                     Libraries\STM32F10x_StdPeriph_Driver\src\stm32f10x_spi.o
SPI_SSOutputCmd                                   Libraries\STM32F10x_StdPeriph_Driver\src\stm32f10x_spi.o
SPI_StructInit                                    Libraries\STM32F10x_StdPeriph_Driver\src\stm32f10x_spi.o
SPI_TransmitCRC                                   Libraries\STM32F10x_StdPeriph_Driver\src\stm32f10x_spi.o
SVC_Handler                                       Libraries\FreeRTOS\port.o
SetupRunTimeStatsTimer                            src\main.o
                                                  Libraries\FreeRTOS\tasks.o
SysTick_CLKSourceConfig                           Libraries\STM32F10x_StdPeriph_Driver\src\misc.o
SysTick_Handler                                   Libraries\FreeRTOS\port.o
SystemCoreClock                                   src\system\system_stm32f10x.o
SystemCoreClockUpdate                             src\system\system_stm32f10x.o
SystemInit                                        src\system\system_stm32f10x.o
                                                  src\system\startup_stm32f10x_md.o
TAMPER_IRQHandler                                 src\system\startup_stm32f10x_md.o
TIM1_BRK_IRQHandler                               src\system\startup_stm32f10x_md.o
TIM1_CC_IRQHandler                                src\system\startup_stm32f10x_md.o
TIM1_TRG_COM_IRQHandler                           src\system\startup_stm32f10x_md.o
TIM1_UP_IRQHandler                                src\system\startup_stm32f10x_md.o
TIM2_IRQHandler                                   src\system\startup_stm32f10x_md.o
TIM3_IRQHandler                                   src\system\startup_stm32f10x_md.o
TIM4_IRQHandler                                   src\main.o
TIM_ARRPreloadConfig                              Libraries\STM32F10x_StdPeriph_Driver\src\stm32f10x_tim.o
TIM_BDTRConfig                                    Libraries\STM32F10x_StdPeriph_Driver\src\stm32f10x_tim.o
TIM_BDTRStructInit                                Libraries\STM32F10x_StdPeriph_Driver\src\stm32f10x_tim.o
TIM_CCPreloadControl                              Libraries\STM32F10x_StdPeriph_Driver\src\stm32f10x_tim.o
TIM_CCxCmd                                        Libraries\STM32F10x_StdPeriph_Driver\src\stm32f10x_tim.o
TIM_CCxNCmd                                       Libraries\STM32F10x_StdPeriph_Driver\src\stm32f10x_tim.o
TIM_ClearFlag                                     Libraries\STM32F10x_StdPeriph_Driver\src\stm32f10x_tim.o
TIM_ClearITPendingBit                             Libraries\STM32F10x_StdPeriph_Driver\src\stm32f10x_tim.o
                                                  src\main.o
TIM_ClearOC1Ref                                   Libraries\STM32F10x_StdPeriph_Driver\src\stm32f10x_tim.o
TIM_ClearOC2Ref                                   Libraries\STM32F10x_StdPeriph_Driver\src\stm32f10x_tim.o
TIM_ClearOC3Ref                                   Libraries\STM32F10x_StdPeriph_Driver\src\stm32f10x_tim.o
TIM_ClearOC4Ref                                   Libraries\STM32F10x_StdPeriph_Driver\src\stm32f10x_tim.o
TIM_Cmd                                           Libraries\STM32F10x_StdPeriph_Driver\src\stm32f10x_tim.o
                                                  src\main.o
TIM_CounterModeConfig                             Libraries\STM32F10x_StdPeriph_Driver\src\stm32f10x_tim.o
TIM_CtrlPWMOutputs                                Libraries\STM32F10x_StdPeriph_Driver\src\stm32f10x_tim.o
TIM_DMACmd                                        Libraries\STM32F10x_StdPeriph_Driver\src\stm32f10x_tim.o
TIM_DMAConfig                                     Libraries\STM32F10x_StdPeriph_Driver\src\stm32f10x_tim.o
TIM_DeInit                                        Libraries\STM32F10x_StdPeriph_Driver\src\stm32f10x_tim.o
TIM_ETRClockMode1Config                           Libraries\STM32F10x_StdPeriph_Driver\src\stm32f10x_tim.o
TIM_ETRClockMode2Config                           Libraries\STM32F10x_StdPeriph_Driver\src\stm32f10x_tim.o
TIM_ETRConfig                                     Libraries\STM32F10x_StdPeriph_Driver\src\stm32f10x_tim.o
TIM_EncoderInterfaceConfig                        Libraries\STM32F10x_StdPeriph_Driver\src\stm32f10x_tim.o
TIM_ForcedOC1Config                               Libraries\STM32F10x_StdPeriph_Driver\src\stm32f10x_tim.o
TIM_ForcedOC2Config                               Libraries\STM32F10x_StdPeriph_Driver\src\stm32f10x_tim.o
TIM_ForcedOC3Config                               Libraries\STM32F10x_StdPeriph_Driver\src\stm32f10x_tim.o
TIM_ForcedOC4Config                               Libraries\STM32F10x_StdPeriph_Driver\src\stm32f10x_tim.o
TIM_GenerateEvent                                 Libraries\STM32F10x_StdPeriph_Driver\src\stm32f10x_tim.o
TIM_GetCapture1                                   Libraries\STM32F10x_StdPeriph_Driver\src\stm32f10x_tim.o
TIM_GetCapture2                                   Libraries\STM32F10x_StdPeriph_Driver\src\stm32f10x_tim.o
TIM_GetCapture3                                   Libraries\STM32F10x_StdPeriph_Driver\src\stm32f10x_tim.o
TIM_GetCapture4                                   Libraries\STM32F10x_StdPeriph_Driver\src\stm32f10x_tim.o
TIM_GetCounter                                    Libraries\STM32F10x_StdPeriph_Driver\src\stm32f10x_tim.o
TIM_GetFlagStatus                                 Libraries\STM32F10x_StdPeriph_Driver\src\stm32f10x_tim.o
TIM_GetITStatus                                   Libraries\STM32F10x_StdPeriph_Driver\src\stm32f10x_tim.o
TIM_GetPrescaler                                  Libraries\STM32F10x_StdPeriph_Driver\src\stm32f10x_tim.o
TIM_ICInit                                        Libraries\STM32F10x_StdPeriph_Driver\src\stm32f10x_tim.o
TIM_ICStructInit                                  Libraries\STM32F10x_StdPeriph_Driver\src\stm32f10x_tim.o
TIM_ITConfig                                      Libraries\STM32F10x_StdPeriph_Driver\src\stm32f10x_tim.o
                                                  src\main.o
TIM_ITRxExternalClockConfig                       Libraries\STM32F10x_StdPeriph_Driver\src\stm32f10x_tim.o
TIM_InternalClockConfig                           Libraries\STM32F10x_StdPeriph_Driver\src\stm32f10x_tim.o
TIM_OC1FastConfig                                 Libraries\STM32F10x_StdPeriph_Driver\src\stm32f10x_tim.o
TIM_OC1Init                                       Libraries\STM32F10x_StdPeriph_Driver\src\stm32f10x_tim.o
TIM_OC1NPolarityConfig                            Libraries\STM32F10x_StdPeriph_Driver\src\stm32f10x_tim.o
TIM_OC1PolarityConfig                             Libraries\STM32F10x_StdPeriph_Driver\src\stm32f10x_tim.o
TIM_OC1PreloadConfig                              Libraries\STM32F10x_StdPeriph_Driver\src\stm32f10x_tim.o
TIM_OC2FastConfig                                 Libraries\STM32F10x_StdPeriph_Driver\src\stm32f10x_tim.o
TIM_OC2Init                                       Libraries\STM32F10x_StdPeriph_Driver\src\stm32f10x_tim.o
TIM_OC2NPolarityConfig                            Libraries\STM32F10x_StdPeriph_Driver\src\stm32f10x_tim.o
TIM_OC2PolarityConfig                             Libraries\STM32F10x_StdPeriph_Driver\src\stm32f10x_tim.o
TIM_OC2PreloadConfig                              Libraries\STM32F10x_StdPeriph_Driver\src\stm32f10x_tim.o
TIM_OC3FastConfig                                 Libraries\STM32F10x_StdPeriph_Driver\src\stm32f10x_tim.o
TIM_OC3Init                                       Libraries\STM32F10x_StdPeriph_Driver\src\stm32f10x_tim.o
TIM_OC3NPolarityConfig                            Libraries\STM32F10x_StdPeriph_Driver\src\stm32f10x_tim.o
TIM_OC3PolarityConfig                             Libraries\STM32F10x_StdPeriph_Driver\src\stm32f10x_tim.o
TIM_OC3PreloadConfig                              Libraries\STM32F10x_StdPeriph_Driver\src\stm32f10x_tim.o
TIM_OC4FastConfig                                 Libraries\STM32F10x_StdPeriph_Driver\src\stm32f10x_tim.o
TIM_OC4Init                                       Libraries\STM32F10x_StdPeriph_Driver\src\stm32f10x_tim.o
TIM_OC4PolarityConfig                             Libraries\STM32F10x_StdPeriph_Driver\src\stm32f10x_tim.o
TIM_OC4PreloadConfig                              Libraries\STM32F10x_StdPeriph_Driver\src\stm32f10x_tim.o
TIM_OCStructInit                                  Libraries\STM32F10x_StdPeriph_Driver\src\stm32f10x_tim.o
TIM_PWMIConfig                                    Libraries\STM32F10x_StdPeriph_Driver\src\stm32f10x_tim.o
TIM_PrescalerConfig                               Libraries\STM32F10x_StdPeriph_Driver\src\stm32f10x_tim.o
TIM_SelectCCDMA                                   Libraries\STM32F10x_StdPeriph_Driver\src\stm32f10x_tim.o
TIM_SelectCOM                                     Libraries\STM32F10x_StdPeriph_Driver\src\stm32f10x_tim.o
TIM_SelectHallSensor                              Libraries\STM32F10x_StdPeriph_Driver\src\stm32f10x_tim.o
TIM_SelectInputTrigger                            Libraries\STM32F10x_StdPeriph_Driver\src\stm32f10x_tim.o
TIM_SelectMasterSlaveMode                         Libraries\STM32F10x_StdPeriph_Driver\src\stm32f10x_tim.o
TIM_SelectOCxM                                    Libraries\STM32F10x_StdPeriph_Driver\src\stm32f10x_tim.o
TIM_SelectOnePulseMode                            Libraries\STM32F10x_StdPeriph_Driver\src\stm32f10x_tim.o
TIM_SelectOutputTrigger                           Libraries\STM32F10x_StdPeriph_Driver\src\stm32f10x_tim.o
TIM_SelectSlaveMode                               Libraries\STM32F10x_StdPeriph_Driver\src\stm32f10x_tim.o
TIM_SetAutoreload                                 Libraries\STM32F10x_StdPeriph_Driver\src\stm32f10x_tim.o
TIM_SetClockDivision                              Libraries\STM32F10x_StdPeriph_Driver\src\stm32f10x_tim.o
TIM_SetCompare1                                   Libraries\STM32F10x_StdPeriph_Driver\src\stm32f10x_tim.o
TIM_SetCompare2                                   Libraries\STM32F10x_StdPeriph_Driver\src\stm32f10x_tim.o
TIM_SetCompare3                                   Libraries\STM32F10x_StdPeriph_Driver\src\stm32f10x_tim.o
TIM_SetCompare4                                   Libraries\STM32F10x_StdPeriph_Driver\src\stm32f10x_tim.o
TIM_SetCounter                                    Libraries\STM32F10x_StdPeriph_Driver\src\stm32f10x_tim.o
TIM_SetIC1Prescaler                               Libraries\STM32F10x_StdPeriph_Driver\src\stm32f10x_tim.o
TIM_SetIC2Prescaler                               Libraries\STM32F10x_StdPeriph_Driver\src\stm32f10x_tim.o
TIM_SetIC3Prescaler                               Libraries\STM32F10x_StdPeriph_Driver\src\stm32f10x_tim.o
TIM_SetIC4Prescaler                               Libraries\STM32F10x_StdPeriph_Driver\src\stm32f10x_tim.o
TIM_TIxExternalClockConfig                        Libraries\STM32F10x_StdPeriph_Driver\src\stm32f10x_tim.o
TIM_TimeBaseInit                                  Libraries\STM32F10x_StdPeriph_Driver\src\stm32f10x_tim.o
                                                  src\main.o
TIM_TimeBaseStructInit                            Libraries\STM32F10x_StdPeriph_Driver\src\stm32f10x_tim.o
TIM_UpdateDisableConfig                           Libraries\STM32F10x_StdPeriph_Driver\src\stm32f10x_tim.o
TIM_UpdateRequestConfig                           Libraries\STM32F10x_StdPeriph_Driver\src\stm32f10x_tim.o
USART1_IRQHandler                                 src\system\startup_stm32f10x_md.o
USART2_IRQHandler                                 src\system\startup_stm32f10x_md.o
USART3_IRQHandler                                 src\system\startup_stm32f10x_md.o
USART_ClearFlag                                   Libraries\STM32F10x_StdPeriph_Driver\src\stm32f10x_usart.o
USART_ClearITPendingBit                           Libraries\STM32F10x_StdPeriph_Driver\src\stm32f10x_usart.o
USART_ClockInit                                   Libraries\STM32F10x_StdPeriph_Driver\src\stm32f10x_usart.o
USART_ClockStructInit                             Libraries\STM32F10x_StdPeriph_Driver\src\stm32f10x_usart.o
USART_Cmd                                         Libraries\STM32F10x_StdPeriph_Driver\src\stm32f10x_usart.o
USART_DMACmd                                      Libraries\STM32F10x_StdPeriph_Driver\src\stm32f10x_usart.o
USART_DeInit                                      Libraries\STM32F10x_StdPeriph_Driver\src\stm32f10x_usart.o
USART_GetFlagStatus                               Libraries\STM32F10x_StdPeriph_Driver\src\stm32f10x_usart.o
USART_GetITStatus                                 Libraries\STM32F10x_StdPeriph_Driver\src\stm32f10x_usart.o
USART_HalfDuplexCmd                               Libraries\STM32F10x_StdPeriph_Driver\src\stm32f10x_usart.o
USART_ITConfig                                    Libraries\STM32F10x_StdPeriph_Driver\src\stm32f10x_usart.o
USART_Init                                        Libraries\STM32F10x_StdPeriph_Driver\src\stm32f10x_usart.o
USART_IrDACmd                                     Libraries\STM32F10x_StdPeriph_Driver\src\stm32f10x_usart.o
USART_IrDAConfig                                  Libraries\STM32F10x_StdPeriph_Driver\src\stm32f10x_usart.o
USART_LINBreakDetectLengthConfig                  Libraries\STM32F10x_StdPeriph_Driver\src\stm32f10x_usart.o
USART_LINCmd                                      Libraries\STM32F10x_StdPeriph_Driver\src\stm32f10x_usart.o
USART_OneBitMethodCmd                             Libraries\STM32F10x_StdPeriph_Driver\src\stm32f10x_usart.o
USART_OverSampling8Cmd                            Libraries\STM32F10x_StdPeriph_Driver\src\stm32f10x_usart.o
USART_ReceiveData                                 Libraries\STM32F10x_StdPeriph_Driver\src\stm32f10x_usart.o
USART_ReceiverWakeUpCmd                           Libraries\STM32F10x_StdPeriph_Driver\src\stm32f10x_usart.o
USART_SendBreak                                   Libraries\STM32F10x_StdPeriph_Driver\src\stm32f10x_usart.o
USART_SendData                                    Libraries\STM32F10x_StdPeriph_Driver\src\stm32f10x_usart.o
USART_SetAddress                                  Libraries\STM32F10x_StdPeriph_Driver\src\stm32f10x_usart.o
USART_SetGuardTime                                Libraries\STM32F10x_StdPeriph_Driver\src\stm32f10x_usart.o
USART_SetPrescaler                                Libraries\STM32F10x_StdPeriph_Driver\src\stm32f10x_usart.o
USART_SmartCardCmd                                Libraries\STM32F10x_StdPeriph_Driver\src\stm32f10x_usart.o
USART_SmartCardNACKCmd                            Libraries\STM32F10x_StdPeriph_Driver\src\stm32f10x_usart.o
USART_StructInit                                  Libraries\STM32F10x_StdPeriph_Driver\src\stm32f10x_usart.o
USART_WakeUpConfig                                Libraries\STM32F10x_StdPeriph_Driver\src\stm32f10x_usart.o
USBWakeUp_IRQHandler                              src\system\startup_stm32f10x_md.o
USB_HP_CAN1_TX_IRQHandler                         src\system\startup_stm32f10x_md.o
USB_LP_CAN1_RX0_IRQHandler                        src\system\startup_stm32f10x_md.o
UsageFault_Handler                                src\system\stm32f1xx_it.o
                                                  src\system\startup_stm32f10x_md.o
WWDG_ClearFlag                                    Libraries\STM32F10x_StdPeriph_Driver\src\stm32f10x_wwdg.o
WWDG_DeInit                                       Libraries\STM32F10x_StdPeriph_Driver\src\stm32f10x_wwdg.o
WWDG_Enable                                       Libraries\STM32F10x_StdPeriph_Driver\src\stm32f10x_wwdg.o
WWDG_EnableIT                                     Libraries\STM32F10x_StdPeriph_Driver\src\stm32f10x_wwdg.o
WWDG_GetFlagStatus                                Libraries\STM32F10x_StdPeriph_Driver\src\stm32f10x_wwdg.o
WWDG_IRQHandler                                   src\system\startup_stm32f10x_md.o
WWDG_SetCounter                                   Libraries\STM32F10x_StdPeriph_Driver\src\stm32f10x_wwdg.o
WWDG_SetPrescaler                                 Libraries\STM32F10x_StdPeriph_Driver\src\stm32f10x_wwdg.o
WWDG_SetWindowValue                               Libraries\STM32F10x_StdPeriph_Driver\src\stm32f10x_wwdg.o
__deregister_frame_info                           d:/truestudio for stm32 9.0.0/armtools/bin/../lib/gcc/arm-atollic-eabi/6.3.1/armv7-m/crtbegin.o
__dso_handle                                      d:/truestudio for stm32 9.0.0/armtools/bin/../lib/gcc/arm-atollic-eabi/6.3.1/armv7-m/crtbegin.o
__init_array_end                                  d:/truestudio for stm32 9.0.0/armtools/bin/../lib/gcc/arm-atollic-eabi/6.3.1/../../../../arm-atollic-eabi/lib/armv7-m\libc_nano.a(lib_a-init.o)
__init_array_start                                d:/truestudio for stm32 9.0.0/armtools/bin/../lib/gcc/arm-atollic-eabi/6.3.1/../../../../arm-atollic-eabi/lib/armv7-m\libc_nano.a(lib_a-init.o)
__libc_init_array                                 d:/truestudio for stm32 9.0.0/armtools/bin/../lib/gcc/arm-atollic-eabi/6.3.1/../../../../arm-atollic-eabi/lib/armv7-m\libc_nano.a(lib_a-init.o)
                                                  src\system\startup_stm32f10x_md.o
__preinit_array_end                               d:/truestudio for stm32 9.0.0/armtools/bin/../lib/gcc/arm-atollic-eabi/6.3.1/../../../../arm-atollic-eabi/lib/armv7-m\libc_nano.a(lib_a-init.o)
__preinit_array_start                             d:/truestudio for stm32 9.0.0/armtools/bin/../lib/gcc/arm-atollic-eabi/6.3.1/../../../../arm-atollic-eabi/lib/armv7-m\libc_nano.a(lib_a-init.o)
__register_frame_info                             d:/truestudio for stm32 9.0.0/armtools/bin/../lib/gcc/arm-atollic-eabi/6.3.1/armv7-m/crtbegin.o
_ebss                                             src\system\startup_stm32f10x_md.o
_edata                                            src\system\startup_stm32f10x_md.o
_estack                                           src\system\startup_stm32f10x_md.o
_fini                                             d:/truestudio for stm32 9.0.0/armtools/bin/../lib/gcc/arm-atollic-eabi/6.3.1/armv7-m/crti.o
_init                                             d:/truestudio for stm32 9.0.0/armtools/bin/../lib/gcc/arm-atollic-eabi/6.3.1/armv7-m/crti.o
                                                  d:/truestudio for stm32 9.0.0/armtools/bin/../lib/gcc/arm-atollic-eabi/6.3.1/../../../../arm-atollic-eabi/lib/armv7-m\libc_nano.a(lib_a-init.o)
_sbss                                             src\system\startup_stm32f10x_md.o
_sdata                                            src\system\startup_stm32f10x_md.o
_sidata                                           src\system\startup_stm32f10x_md.o
_write                                            d:/truestudio for stm32 9.0.0/armtools/bin/../lib/gcc/arm-atollic-eabi/6.3.1/../../../../arm-atollic-eabi/lib/armv7-m\libnosys.a(write.o)
                                                  src\system\tiny_printf.o